Component: ARM Compiler 5.05 (build 41) Tool: armlink [4d0eb9]

==============================================================================

Section Cross References

    arm_startup_nrf51.o(STACK) refers (Special) to heapauxi.o(.text) for __use_two_region_memory
    arm_startup_nrf51.o(HEAP) refers (Special) to heapauxi.o(.text) for __use_two_region_memory
    arm_startup_nrf51.o(RESET) refers (Special) to heapauxi.o(.text) for __use_two_region_memory
    arm_startup_nrf51.o(RESET) refers to arm_startup_nrf51.o(STACK) for __initial_sp
    arm_startup_nrf51.o(RESET) refers to arm_startup_nrf51.o(.text) for Reset_Handler
    arm_startup_nrf51.o(RESET) refers to app_gpiote.o(.text) for GPIOTE_IRQHandler
    arm_startup_nrf51.o(RESET) refers to battery.o(.text) for ADC_IRQHandler
    arm_startup_nrf51.o(RESET) refers to app_timer.o(.text) for RTC1_IRQHandler
    arm_startup_nrf51.o(RESET) refers to softdevice_handler.o(.text) for SWI2_IRQHandler
    arm_startup_nrf51.o(.text) refers (Special) to heapauxi.o(.text) for __use_two_region_memory
    arm_startup_nrf51.o(.text) refers to system_nrf51.o(.text) for SystemInit
    arm_startup_nrf51.o(.text) refers to __main.o(!!!main) for __main
    arm_startup_nrf51.o(.text) refers to arm_startup_nrf51.o(HEAP) for Heap_Mem
    arm_startup_nrf51.o(.text) refers to arm_startup_nrf51.o(STACK) for Stack_Mem
    system_nrf51.o(.text) refers to system_nrf51.o(.data) for SystemCoreClock
    main.o(.text) refers to battery.o(.text) for battery_start
    main.o(.text) refers to simple_uart.o(.text) for simple_uart_putstring
    main.o(.text) refers to app_timer.o(.text) for app_timer_init
    main.o(.text) refers to rt_memclr.o(.text) for __aeabi_memclr4
    main.o(.text) refers to ble_advdata.o(.text) for ble_advdata_set
    main.o(.text) refers to ble_sls.o(.text) for ble_sls_init
    main.o(.text) refers to main.o(.bss) for m_sls
    main.o(.text) refers to ble_sls.o(.data) for uv_lamp_cmd
    main.o(.text) refers to main.o(.data) for m_battery_timer_id
    main.o(.text) refers to main.o(.constdata) for .constdata
    main.o(.text) refers to ble_bas.o(.text) for ble_bas_init
    main.o(.text) refers to ble_srv_common.o(.text) for ble_srv_ascii_to_utf8
    main.o(.text) refers to ble_dis.o(.text) for ble_dis_init
    main.o(.text) refers to ble_conn_params.o(.text) for ble_conn_params_init
    main.o(.text) refers to pstorage.o(.text) for pstorage_init
    main.o(.text) refers to device_manager_peripheral.o(.text) for dm_init
    main.o(.text) refers to softdevice_handler.o(.text) for softdevice_handler_init
    main.o(.text) refers to app_gpiote.o(.text) for app_gpiote_init
    main.o(.text) refers to bsp_btn_smart_locker.o(.text) for bsp_smart_locker_board_init
    battery.o(.text) refers to aeabi_sdiv.o(.text) for __aeabi_idivmod
    battery.o(.text) refers to ble_bas.o(.text) for ble_bas_battery_level_update
    battery.o(.text) refers to main.o(.text) for app_error_handler
    battery.o(.text) refers to main.o(.bss) for bas
    bsp_btn_smart_locker.o(.text) refers to lludiv.o(.text) for __aeabi_uldivmod
    bsp_btn_smart_locker.o(.text) refers to app_button.o(.text) for app_button_init
    bsp_btn_smart_locker.o(.text) refers to main.o(.text) for app_error_handler
    bsp_btn_smart_locker.o(.text) refers to app_timer.o(.text) for app_timer_start
    bsp_btn_smart_locker.o(.text) refers to simple_uart.o(.text) for simple_uart_putstring
    bsp_btn_smart_locker.o(.text) refers to rt_memcpy.o(.emb_text) for __aeabi_memcpy4
    bsp_btn_smart_locker.o(.text) refers to bsp_btn_smart_locker.o(.data) for smart_locker_local_prescal
    bsp_btn_smart_locker.o(.text) refers to ble_sls.o(.data) for uv_lamp_cmd
    bsp_btn_smart_locker.o(.data) refers to bsp_btn_smart_locker.o(.text) for bsp_button_event_handler
    ble_dis.o(.text) refers to main.o(.text) for app_error_handler
    ble_dis.o(.text) refers to rt_memclr.o(.text) for __aeabi_memclr4
    ble_dis.o(.text) refers to ble_dis.o(.data) for service_handle
    ble_bas.o(.text) refers to rt_memclr.o(.text) for __aeabi_memclr4
    ble_bas.o(.text) refers to ble_srv_common.o(.text) for ble_srv_report_ref_encode
    ble_sls.o(.text) refers to bsp_btn_smart_locker.o(.text) for bsp_cb_on_fan_negative_ion_cmd_write
    ble_sls.o(.text) refers to simple_uart.o(.text) for simple_uart_putstring
    ble_sls.o(.text) refers to rt_memclr.o(.text) for __aeabi_memclr4
    ble_sls.o(.text) refers to ble_sls.o(.data) for uv_lamp_cmd
    ble_conn_params.o(.text) refers to rt_memcpy.o(.emb_text) for __aeabi_memcpy4
    ble_conn_params.o(.text) refers to rt_memcpy.o(.text) for __aeabi_memcpy
    ble_conn_params.o(.text) refers to app_timer.o(.text) for app_timer_create
    ble_conn_params.o(.text) refers to ble_conn_params.o(.data) for m_preferred_conn_params
    ble_conn_params.o(.text) refers to ble_conn_params.o(.bss) for m_conn_params_config
    ble_advdata.o(.text) refers to rt_memcpy.o(.text) for __aeabi_memcpy
[...]
    libinit.o(.ARM.Collect$$libinit$$00000000) refers (Special) to libinit2.o(.ARM.Collect$$libinit$$0000001D) for __rt_lib_init_signal_1
    libinit.o(.ARM.Collect$$libinit$$00000000) refers (Special) to libinit2.o(.ARM.Collect$$libinit$$00000025) for __rt_lib_init_stdio_1
    libinit.o(.ARM.Collect$$libinit$$00000000) refers (Special) to libinit2.o(.ARM.Collect$$libinit$$0000000C) for __rt_lib_init_user_alloc_1
    libspace.o(.text) refers to libspace.o(.bss) for __libspace_start
    rtexit.o(.ARM.Collect$$rtexit$$00000000) refers (Special) to rtexit2.o(.ARM.Collect$$rtexit$$00000004) for __rt_exit_exit
    rtexit.o(.ARM.Collect$$rtexit$$00000000) refers (Special) to rtexit2.o(.ARM.Collect$$rtexit$$00000003) for __rt_exit_ls
    rtexit.o(.ARM.Collect$$rtexit$$00000000) refers (Special) to rtexit2.o(.ARM.Collect$$rtexit$$00000002) for __rt_exit_prels_1
    rtexit.o(.ARM.exidx) refers (Special) to rtexit2.o(.ARM.Collect$$rtexit$$00000004) for __rt_exit_exit
    rtexit.o(.ARM.exidx) refers (Special) to rtexit2.o(.ARM.Collect$$rtexit$$00000003) for __rt_exit_ls
    rtexit.o(.ARM.exidx) refers (Special) to rtexit2.o(.ARM.Collect$$rtexit$$00000002) for __rt_exit_prels_1
    rtexit.o(.ARM.exidx) refers to rtexit.o(.ARM.Collect$$rtexit$$00000000) for .ARM.Collect$$rtexit$$00000000
    rt_raise.o(.text) refers to __raise.o(.text) for __raise
    rt_raise.o(.text) refers to sys_exit.o(.text) for _sys_exit
    defsig_exit.o(.text) refers to sys_exit.o(.text) for _sys_exit
    defsig_fpe_inner.o(.text) refers to defsig_general.o(.text) for __default_signal_display
    libinit2.o(.ARM.Collect$$libinit$$00000010) refers to libinit2.o(.ARM.Collect$$libinit$$0000000F) for .ARM.Collect$$libinit$$0000000F
    libinit2.o(.ARM.Collect$$libinit$$00000012) refers to libinit2.o(.ARM.Collect$$libinit$$0000000F) for .ARM.Collect$$libinit$$0000000F
    libinit2.o(.ARM.Collect$$libinit$$00000014) refers to libinit2.o(.ARM.Collect$$libinit$$0000000F) for .ARM.Collect$$libinit$$0000000F
    libinit2.o(.ARM.Collect$$libinit$$00000016) refers to libinit2.o(.ARM.Collect$$libinit$$0000000F) for .ARM.Collect$$libinit$$0000000F
    libinit2.o(.ARM.Collect$$libinit$$00000018) refers to libinit2.o(.ARM.Collect$$libinit$$0000000F) for .ARM.Collect$$libinit$$0000000F
    libinit2.o(.ARM.Collect$$libinit$$00000026) refers to argv_veneer.o(.text) for __ARM_argv_veneer
    libinit2.o(.ARM.Collect$$libinit$$00000027) refers to argv_veneer.o(.text) for __ARM_argv_veneer
    sys_exit.o(.text) refers (Special) to use_no_semi.o(.text) for __I$use$semihosting
    sys_exit.o(.text) refers (Special) to indicate_semi.o(.text) for __semihosting_library_function
    rtexit2.o(.ARM.Collect$$rtexit$$00000003) refers to libshutdown.o(.ARM.Collect$$libshutdown$$00000000) for __rt_lib_shutdown
    rtexit2.o(.ARM.Collect$$rtexit$$00000004) refers to sys_exit.o(.text) for _sys_exit
    rtexit2.o(.ARM.exidx) refers to rtexit2.o(.ARM.Collect$$rtexit$$00000001) for .ARM.Collect$$rtexit$$00000001
    rtexit2.o(.ARM.exidx) refers to rtexit2.o(.ARM.Collect$$rtexit$$00000003) for .ARM.Collect$$rtexit$$00000003
    rtexit2.o(.ARM.exidx) refers to rtexit2.o(.ARM.Collect$$rtexit$$00000004) for .ARM.Collect$$rtexit$$00000004
    __raise.o(.text) refers to defsig.o(CL$$defsig) for __default_signal_handler
    defsig_general.o(.text) refers to sys_wrch.o(.text) for _ttywrch
    sys_wrch.o(.text) refers (Special) to use_no_semi.o(.text) for __I$use$semihosting
    sys_wrch.o(.text) refers (Special) to indicate_semi.o(.text) for __semihosting_library_function
    defsig.o(CL$$defsig) refers to defsig_fpe_inner.o(.text) for __rt_SIGFPE_inner
    defsig.o(CL$$defsig) refers to defsig_rtmem_inner.o(.text) for __rt_SIGRTMEM_inner
    _get_argv_nomalloc.o(.text) refers (Special) to hrguard.o(.text) for __heap_region$guard
    _get_argv_nomalloc.o(.text) refers to defsig_rtmem_outer.o(.text) for __rt_SIGRTMEM
    _get_argv_nomalloc.o(.text) refers to sys_command.o(.text) for _sys_command_string
    libshutdown.o(.ARM.Collect$$libshutdown$$00000000) refers (Special) to libshutdown2.o(.ARM.Collect$$libshutdown$$00000006) for __rt_lib_shutdown_fp_trap_1
    libshutdown.o(.ARM.Collect$$libshutdown$$00000000) refers (Special) to libshutdown2.o(.ARM.Collect$$libshutdown$$0000000E) for __rt_lib_shutdown_heap_1
    libshutdown.o(.ARM.Collect$$libshutdown$$00000000) refers (Special) to libshutdown2.o(.ARM.Collect$$libshutdown$$0000000F) for __rt_lib_shutdown_return
    libshutdown.o(.ARM.Collect$$libshutdown$$00000000) refers (Special) to libshutdown2.o(.ARM.Collect$$libshutdown$$00000009) for __rt_lib_shutdown_signal_1
    libshutdown.o(.ARM.Collect$$libshutdown$$00000000) refers (Special) to libshutdown2.o(.ARM.Collect$$libshutdown$$00000003) for __rt_lib_shutdown_stdio_1
    libshutdown.o(.ARM.Collect$$libshutdown$$00000000) refers (Special) to libshutdown2.o(.ARM.Collect$$libshutdown$$0000000B) for __rt_lib_shutdown_user_alloc_1
    sys_command.o(.text) refers (Special) to use_no_semi.o(.text) for __I$use$semihosting
    sys_command.o(.text) refers (Special) to indicate_semi.o(.text) for __semihosting_library_function
    defsig_abrt_inner.o(.text) refers to defsig_general.o(.text) for __default_signal_display
    defsig_rtred_inner.o(.text) refers to defsig_general.o(.text) for __default_signal_display
    defsig_rtmem_inner.o(.text) refers to defsig_general.o(.text) for __default_signal_display
    defsig_rtmem_outer.o(.text) refers to defsig_rtmem_inner.o(.text) for __rt_SIGRTMEM_inner
    defsig_rtmem_outer.o(.text) refers to defsig_exit.o(.text) for __sig_exit
    defsig_rtmem_formal.o(.text) refers to rt_raise.o(.text) for __rt_raise
    defsig_stak_inner.o(.text) refers to defsig_general.o(.text) for __default_signal_display
    defsig_pvfn_inner.o(.text) refers to defsig_general.o(.text) for __default_signal_display
    defsig_cppl_inner.o(.text) refers to defsig_general.o(.text) for __default_signal_display
    defsig_segv_inner.o(.text) refers to defsig_general.o(.text) for __default_signal_display
    defsig_other.o(.text) refers to defsig_general.o(.text) for __default_signal_display


==============================================================================

Removing Unused input sections from the image.

    Removing system_nrf51.o(.rev16_text), (4 bytes).
    Removing system_nrf51.o(.revsh_text), (4 bytes).
    Removing main.o(.rev16_text), (4 bytes).
    Removing main.o(.revsh_text), (4 bytes).
    Removing battery.o(.rev16_text), (4 bytes).
    Removing battery.o(.revsh_text), (4 bytes).
    Removing bsp_btn_smart_locker.o(.rev16_text), (4 bytes).
    Removing bsp_btn_smart_locker.o(.revsh_text), (4 bytes).
    Removing app_timer.o(.rev16_text), (4 bytes).
    Removing app_timer.o(.revsh_text), (4 bytes).
    Removing softdevice_handler.o(.rev16_text), (4 bytes).
    Removing softdevice_handler.o(.revsh_text), (4 bytes).
    Removing app_trace.o(.rev16_text), (4 bytes).
    Removing app_trace.o(.revsh_text), (4 bytes).
    Removing app_trace.o(.data), (8 bytes).
    Removing simple_uart.o(.rev16_text), (4 bytes).
    Removing simple_uart.o(.revsh_text), (4 bytes).
    Removing pstorage.o(.rev16_text), (4 bytes).
    Removing pstorage.o(.revsh_text), (4 bytes).
    Removing crc16.o(.text), (68 bytes).
    Removing app_button.o(.rev16_text), (4 bytes).
    Removing app_button.o(.revsh_text), (4 bytes).
    Removing app_gpiote.o(.rev16_text), (4 bytes).
    Removing app_gpiote.o(.revsh_text), (4 bytes).
    Removing ble_error_log.o(.rev16_text), (4 bytes).
    Removing ble_error_log.o(.revsh_text), (4 bytes).
    Removing ble_error_log.o(.text), (96 bytes).
    Removing ble_error_log.o(.bss), (392 bytes).
    Removing ble_debug_assert_handler.o(.rev16_text), (4 bytes).
    Removing ble_debug_assert_handler.o(.revsh_text), (4 bytes).
    Removing ble_debug_assert_handler.o(.text), (60 bytes).
    Removing ble_debug_assert_handler.o(.bss), (128 bytes).
    Removing ble_debug_assert_handler.o(.data), (8 bytes).

33 unused section(s) (total 864 bytes) removed from the image.

==============================================================================

Image Symbol Table

    Local Symbols

    Symbol Name                              Value     Ov Type        Size  Object(Section)

    ../clib/../cmprslib/zerorunl2.c          0x00000000   Number         0  __dczerorl2.o ABSOLUTE
    ../clib/angel/boardlib.s                 0x00000000   Number         0  boardinit1.o ABSOLUTE
    ../clib/angel/boardlib.s                 0x00000000   Number         0  boardinit2.o ABSOLUTE
    ../clib/angel/boardlib.s                 0x00000000   Number         0  boardinit3.o ABSOLUTE
    ../clib/angel/boardlib.s                 0x00000000   Number         0  boardshut.o ABSOLUTE
    ../clib/angel/handlers.s                 0x00000000   Number         0  __scatter_zi.o ABSOLUTE
    ../clib/angel/kernel.s                   0x00000000   Number         0  __rtentry2.o ABSOLUTE
    ../clib/angel/kernel.s                   0x00000000   Number         0  __rtentry4.o ABSOLUTE
    ../clib/angel/kernel.s                   0x00000000   Number         0  rtexit2.o ABSOLUTE
    ../clib/angel/kernel.s                   0x00000000   Number         0  rtexit.o ABSOLUTE
    ../clib/angel/kernel.s                   0x00000000   Number         0  __rtentry.o ABSOLUTE
    ../clib/angel/rt.s                       0x00000000   Number         0  rt_div0.o ABSOLUTE
    ../clib/angel/rt.s                       0x00000000   Number         0  rt_raise.o ABSOLUTE
    ../clib/angel/rt.s                       0x00000000   Number         0  aeabi_idiv0.o ABSOLUTE
    ../clib/angel/rt.s                       0x00000000   Number         0  aeabi_idiv0_sigfpe.o ABSOLUTE
    ../clib/angel/rt.s                       0x00000000   Number         0  aeabi_ldiv0.o ABSOLUTE
    ../clib/angel/rt.s                       0x00000000   Number         0  aeabi_ldiv0_sigfpe.o ABSOLUTE
    ../clib/angel/scatterp.s                 0x00000000   Number         0  __scatter.o ABSOLUTE
    ../clib/angel/startup.s                  0x00000000   Number         0  __main.o ABSOLUTE
    ../clib/angel/sys.s                      0x00000000   Number         0  sys_stackheap_outer.o ABSOLUTE
    ../clib/angel/sys.s                      0x00000000   Number         0  libspace.o ABSOLUTE
    ../clib/angel/sys.s                      0x00000000   Number         0  tempstk.o ABSOLUTE
    ../clib/angel/sys.s                      0x00000000   Number         0  use_no_semi.o ABSOLUTE
    ../clib/angel/sys.s                      0x00000000   Number         0  indicate_semi.o ABSOLUTE
    ../clib/angel/sysapp.c                   0x00000000   Number         0  sys_command.o ABSOLUTE
    ../clib/angel/sysapp.c                   0x00000000   Number         0  sys_exit.o ABSOLUTE
    ../clib/angel/sysapp.c                   0x00000000   Number         0  sys_wrch.o ABSOLUTE
    ../clib/armsys.c                         0x00000000   Number         0  no_argv.o ABSOLUTE
    ../clib/armsys.c                         0x00000000   Number         0  _get_argv_nomalloc.o ABSOLUTE
    ../clib/armsys.c                         0x00000000   Number         0  argv_veneer.o ABSOLUTE
    ../clib/division.c                       0x00000000   Number         0  lludiv.o ABSOLUTE
    ../clib/division.s                       0x00000000   Number         0  aeabi_sdiv_div0.o ABSOLUTE
    ../clib/division.s                       0x00000000   Number         0  aeabi_sdiv.o ABSOLUTE
    ../clib/heapalloc.c                      0x00000000   Number         0  hrguard.o ABSOLUTE
    ../clib/heapaux.c                        0x00000000   Number         0  heapauxi.o ABSOLUTE
    ../clib/libinit.s                        0x00000000   Number         0  libshutdown2.o ABSOLUTE
    ../clib/libinit.s                        0x00000000   Number         0  libshutdown.o ABSOLUTE
    ../clib/libinit.s                        0x00000000   Number         0  libinit.o ABSOLUTE
    ../clib/libinit.s                        0x00000000   Number         0  libinit2.o ABSOLUTE
    ../clib/memcpset.c                       0x00000000   Number         0  rt_memclr.o ABSOLUTE
    ../clib/memcpset.c                       0x00000000   Number         0  rt_memcpy.o ABSOLUTE
    ../clib/memcpset.c                       0x00000000   Number         0  rt_memcpy.o ABSOLUTE
    ../clib/signal.c                         0x00000000   Number         0  defsig_pvfn_inner.o ABSOLUTE
    ../clib/signal.c                         0x00000000   Number         0  defsig_cppl_inner.o ABSOLUTE
    ../clib/signal.c                         0x00000000   Number         0  defsig_segv_inner.o ABSOLUTE
    ../clib/signal.c                         0x00000000   Number         0  defsig_other.o ABSOLUTE
    ../clib/signal.c                         0x00000000   Number         0  defsig_exit.o ABSOLUTE
    ../clib/signal.c                         0x00000000   Number         0  defsig_general.o ABSOLUTE
    ../clib/signal.c                         0x00000000   Number         0  __raise.o ABSOLUTE
    ../clib/signal.c                         0x00000000   Number         0  defsig_rtmem_inner.o ABSOLUTE
    ../clib/signal.c                         0x00000000   Number         0  defsig_fpe_inner.o ABSOLUTE
    ../clib/signal.c                         0x00000000   Number         0  defsig_fpe_formal.o ABSOLUTE
    ../clib/signal.c                         0x00000000   Number         0  defsig_fpe_outer.o ABSOLUTE
    ../clib/signal.c                         0x00000000   Number         0  defsig_abrt_inner.o ABSOLUTE
    ../clib/signal.c                         0x00000000   Number         0  defsig_rtred_inner.o ABSOLUTE
    ../clib/signal.c                         0x00000000   Number         0  defsig_rtmem_outer.o ABSOLUTE
    ../clib/signal.c                         0x00000000   Number         0  defsig_rtmem_formal.o ABSOLUTE
    ../clib/signal.c                         0x00000000   Number         0  defsig_stak_inner.o ABSOLUTE
    ../clib/signal.s                         0x00000000   Number         0  defsig.o ABSOLUTE
    ../clib/stdlib.c                         0x00000000   Number         0  exit.o ABSOLUTE
    ../clib/string.c                         0x00000000   Number         0  strlen.o ABSOLUTE
    ../clib/string.c                         0x00000000   Number         0  strncpy.o ABSOLUTE
    ../clib/string.c                         0x00000000   Number         0  memcmp.o ABSOLUTE
    ../fplib/cfplib/fpinit.c                 0x00000000   Number         0  fpinit.o ABSOLUTE
    ..\..\..\..\..\Source\app_common\app_button.c 0x00000000   Number         0  app_button.o ABSOLUTE
    ..\..\..\..\..\Source\app_common\app_gpiote.c 0x00000000   Number         0  app_gpiote.o ABSOLUTE
    ..\..\..\..\..\Source\app_common\app_timer.c 0x00000000   Number         0  app_timer.o ABSOLUTE
    ..\..\..\..\..\Source\app_common\app_trace.c 0x00000000   Number         0  app_trace.o ABSOLUTE
    ..\..\..\..\..\Source\app_common\crc16.c 0x00000000   Number         0  crc16.o ABSOLUTE
    ..\..\..\..\..\Source\app_common\pstorage.c 0x00000000   Number         0  pstorage.o ABSOLUTE
    ..\..\..\..\..\Source\ble\ble_advdata.c  0x00000000   Number         0  ble_advdata.o ABSOLUTE
    ..\..\..\..\..\Source\ble\ble_conn_params.c 0x00000000   Number         0  ble_conn_params.o ABSOLUTE
    ..\..\..\..\..\Source\ble\ble_debug_assert_handler.c 0x00000000   Number         0  ble_debug_assert_handler.o ABSOLUTE
    ..\..\..\..\..\Source\ble\ble_error_log.c 0x00000000   Number         0  ble_error_log.o ABSOLUTE
    ..\..\..\..\..\Source\ble\ble_services\ble_bas.c 0x00000000   Number         0  ble_bas.o ABSOLUTE
    ..\..\..\..\..\Source\ble\ble_services\ble_dis.c 0x00000000   Number         0  ble_dis.o ABSOLUTE
    ..\..\..\..\..\Source\ble\ble_services\ble_sls.c 0x00000000   Number         0  ble_sls.o ABSOLUTE
    ..\..\..\..\..\Source\ble\ble_services\ble_srv_common.c 0x00000000   Number         0  ble_srv_common.o ABSOLUTE
    ..\..\..\..\..\Source\ble\device_manager\device_manager_peripheral.c 0x00000000   Number         0  device_manager_peripheral.o ABSOLUTE
    ..\..\..\..\..\Source\sd_common\softdevice_handler.c 0x00000000   Number         0  softdevice_handler.o ABSOLUTE
    ..\..\..\..\..\Source\simple_uart\simple_uart.c 0x00000000   Number         0  simple_uart.o ABSOLUTE
    ..\\..\\..\\..\\..\\Source\\app_common\\app_button.c 0x00000000   Number         0  app_button.o ABSOLUTE
    ..\\..\\..\\..\\..\\Source\\app_common\\app_gpiote.c 0x00000000   Number         0  app_gpiote.o ABSOLUTE
    ..\\..\\..\\..\\..\\Source\\app_common\\app_timer.c 0x00000000   Number         0  app_timer.o ABSOLUTE
    ..\\..\\..\\..\\..\\Source\\app_common\\app_trace.c 0x00000000   Number         0  app_trace.o ABSOLUTE
    ..\\..\\..\\..\\..\\Source\\app_common\\pstorage.c 0x00000000   Number         0  pstorage.o ABSOLUTE
    ..\\..\\..\\..\\..\\Source\\ble\\ble_debug_assert_handler.c 0x00000000   Number         0  ble_debug_assert_handler.o ABSOLUTE
    ..\\..\\..\\..\\..\\Source\\ble\\ble_error_log.c 0x00000000   Number         0  ble_error_log.o ABSOLUTE
    ..\\..\\..\\..\\..\\Source\\sd_common\\softdevice_handler.c 0x00000000   Number         0  softdevice_handler.o ABSOLUTE
    ..\\..\\..\\..\\..\\Source\\simple_uart\\simple_uart.c 0x00000000   Number         0  simple_uart.o ABSOLUTE
    ..\\battery.c                            0x00000000   Number         0  battery.o ABSOLUTE
    ..\\bsp_btn_smart_locker.c               0x00000000   Number         0  bsp_btn_smart_locker.o ABSOLUTE
    ..\\main.c                               0x00000000   Number         0  main.o ABSOLUTE
    ..\battery.c                             0x00000000   Number         0  battery.o ABSOLUTE
    ..\bsp_btn_smart_locker.c                0x00000000   Number         0  bsp_btn_smart_locker.o ABSOLUTE
    ..\main.c                                0x00000000   Number         0  main.o ABSOLUTE
    RTE\Device\nRF51822_xxAA\arm_startup_nrf51.s 0x00000000   Number         0  arm_startup_nrf51.o ABSOLUTE
    RTE\Device\nRF51822_xxAA\system_nrf51.c  0x00000000   Number         0  system_nrf51.o ABSOLUTE
    RTE\\Device\\nRF51822_xxAA\\system_nrf51.c 0x00000000   Number         0  system_nrf51.o ABSOLUTE
    dc.s                                     0x00000000   Number         0  dc.o ABSOLUTE
    RESET                                    0x00016000   Section      192  arm_startup_nrf51.o(RESET)
    !!!main                                  0x000160c0   Section        8  __main.o(!!!main)
    !!!scatter                               0x000160c8   Section       60  __scatter.o(!!!scatter)
    !!handler_zi                             0x00016104   Section       28  __scatter_zi.o(!!handler_zi)
    .ARM.Collect$$libinit$$00000000          0x00016120   Section        2  libinit.o(.ARM.Collect$$libinit$$00000000)
    .ARM.Collect$$libinit$$00000002          0x00016122   Section        0  libinit2.o(.ARM.Collect$$libinit$$00000002)
    .ARM.Collect$$libinit$$00000004          0x00016122   Section        0  libinit2.o(.ARM.Collect$$libinit$$00000004)
    .ARM.Collect$$libinit$$0000000A          0x00016122   Section        0  libinit2.o(.ARM.Collect$$libinit$$0000000A)
    .ARM.Collect$$libinit$$0000000C          0x00016122   Section        0  libinit2.o(.ARM.Collect$$libinit$$0000000C)
    .ARM.Collect$$libinit$$0000000E          0x00016122   Section        0  libinit2.o(.ARM.Collect$$libinit$$0000000E)
    .ARM.Collect$$libinit$$00000011          0x00016122   Section        0  libinit2.o(.ARM.Collect$$libinit$$00000011)
    .ARM.Collect$$libinit$$00000013          0x00016122   Section        0  libinit2.o(.ARM.Collect$$libinit$$00000013)
    .ARM.Collect$$libinit$$00000015          0x00016122   Section        0  libinit2.o(.ARM.Collect$$libinit$$00000015)
    .ARM.Collect$$libinit$$00000017          0x00016122   Section        0  libinit2.o(.ARM.Collect$$libinit$$00000017)
    .ARM.Collect$$libinit$$00000019          0x00016122   Section        0  libinit2.o(.ARM.Collect$$libinit$$00000019)
    .ARM.Collect$$libinit$$0000001B          0x00016122   Section        0  libinit2.o(.ARM.Collect$$libinit$$0000001B)
    .ARM.Collect$$libinit$$0000001D          0x00016122   Section        0  libinit2.o(.ARM.Collect$$libinit$$0000001D)
    .ARM.Collect$$libinit$$0000001F          0x00016122   Section        0  libinit2.o(.ARM.Collect$$libinit$$0000001F)
    .ARM.Collect$$libinit$$00000021          0x00016122   Section        0  libinit2.o(.ARM.Collect$$libinit$$00000021)
    .ARM.Collect$$libinit$$00000023          0x00016122   Section        0  libinit2.o(.ARM.Collect$$libinit$$00000023)
    .ARM.Collect$$libinit$$00000025          0x00016122   Section        0  libinit2.o(.ARM.Collect$$libinit$$00000025)
    .ARM.Collect$$libinit$$0000002C          0x00016122   Section        0  libinit2.o(.ARM.Collect$$libinit$$0000002C)
    .ARM.Collect$$libinit$$0000002E          0x00016122   Section        0  libinit2.o(.ARM.Collect$$libinit$$0000002E)
    .ARM.Collect$$libinit$$00000030          0x00016122   Section        0  libinit2.o(.ARM.Collect$$libinit$$00000030)
    .ARM.Collect$$libinit$$00000032          0x00016122   Section        0  libinit2.o(.ARM.Collect$$libinit$$00000032)
    .ARM.Collect$$libinit$$00000033          0x00016122   Section        2  libinit2.o(.ARM.Collect$$libinit$$00000033)
    .ARM.Collect$$libshutdown$$00000000      0x00016124   Section        2  libshutdown.o(.ARM.Collect$$libshutdown$$00000000)
    .ARM.Collect$$libshutdown$$00000003      0x00016126   Section        0  libshutdown2.o(.ARM.Collect$$libshutdown$$00000003)
    .ARM.Collect$$libshutdown$$00000006      0x00016126   Section        0  libshutdown2.o(.ARM.Collect$$libshutdown$$00000006)
    .ARM.Collect$$libshutdown$$00000009      0x00016126   Section        0  libshutdown2.o(.ARM.Collect$$libshutdown$$00000009)
    .ARM.Collect$$libshutdown$$0000000B      0x00016126   Section        0  libshutdown2.o(.ARM.Collect$$libshutdown$$0000000B)
    .ARM.Collect$$libshutdown$$0000000E      0x00016126   Section        0  libshutdown2.o(.ARM.Collect$$libshutdown$$0000000E)
    .ARM.Collect$$libshutdown$$0000000F      0x00016126   Section        2  libshutdown2.o(.ARM.Collect$$libshutdown$$0000000F)
    .ARM.Collect$$rtentry$$00000000          0x00016128   Section        0  __rtentry.o(.ARM.Collect$$rtentry$$00000000)
    .ARM.Collect$$rtentry$$00000002          0x00016128   Section        0  __rtentry2.o(.ARM.Collect$$rtentry$$00000002)
    .ARM.Collect$$rtentry$$00000004          0x00016128   Section        6  __rtentry4.o(.ARM.Collect$$rtentry$$00000004)
    .ARM.Collect$$rtentry$$00000009          0x0001612e   Section        0  __rtentry2.o(.ARM.Collect$$rtentry$$00000009)
    .ARM.Collect$$rtentry$$0000000A          0x0001612e   Section        4  __rtentry2.o(.ARM.Collect$$rtentry$$0000000A)
    .ARM.Collect$$rtentry$$0000000C          0x00016132   Section        0  __rtentry2.o(.ARM.Collect$$rtentry$$0000000C)
    .ARM.Collect$$rtentry$$0000000D          0x00016132   Section        8  __rtentry2.o(.ARM.Collect$$rtentry$$0000000D)
    .ARM.Collect$$rtexit$$00000000           0x0001613a   Section        2  rtexit.o(.ARM.Collect$$rtexit$$00000000)
    .ARM.Collect$$rtexit$$00000002           0x0001613c   Section        0  rtexit2.o(.ARM.Collect$$rtexit$$00000002)
    .ARM.Collect$$rtexit$$00000003           0x0001613c   Section        4  rtexit2.o(.ARM.Collect$$rtexit$$00000003)
    .ARM.Collect$$rtexit$$00000004           0x00016140   Section        6  rtexit2.o(.ARM.Collect$$rtexit$$00000004)
    .emb_text                                0x00016148   Section       30  app_timer.o(.emb_text)
    .emb_text                                0x00016168   Section       30  simple_uart.o(.emb_text)
    .emb_text                                0x00016188   Section       56  rt_memcpy.o(.emb_text)
    .text                                    0x000161c0   Section       84  arm_startup_nrf51.o(.text)
    .text                                    0x00016214   Section        0  system_nrf51.o(.text)
    is_peripheral_domain_setup_needed        0x0001621d   Thumb Code    78  system_nrf51.o(.text)
    is_disabled_in_debug_needed              0x0001626b   Thumb Code    52  system_nrf51.o(.text)
    is_manual_peripheral_setup_needed        0x0001629f   Thumb Code   104  system_nrf51.o(.text)
    .text                                    0x00016378   Section        0  main.o(.text)
    conn_params_error_handler                0x0001639d   Thumb Code    14  main.o(.text)
    battery_level_meas_timeout_handler       0x000163ab   Thumb Code    10  main.o(.text)
    ble_sls_notify_device_info               0x000163b5   Thumb Code    96  main.o(.text)
    app_send_device_info_timeout_handler     0x00016415   Thumb Code   230  main.o(.text)
    timers_init                              0x000164fb   Thumb Code   120  main.o(.text)
    gap_params_init                          0x00016573   Thumb Code   154  main.o(.text)
    advertising_init                         0x0001660d   Thumb Code   112  main.o(.text)
    services_init                            0x0001667d   Thumb Code   982  main.o(.text)
    conn_params_init                         0x00016a53   Thumb Code    86  main.o(.text)
    device_manager_evt_handler               0x00016aa9   Thumb Code    36  main.o(.text)
    device_manager_init                      0x00016acd   Thumb Code   190  main.o(.text)
    system_off_mode_enter                    0x00016b8b   Thumb Code    80  main.o(.text)
    on_sys_evt                               0x00016bdb   Thumb Code    42  main.o(.text)
    sys_evt_dispatch                         0x00016c05   Thumb Code    18  main.o(.text)
    advertising_start                        0x00016c17   Thumb Code    34  main.o(.text)
    application_timers_start                 0x00016c39   Thumb Code    84  main.o(.text)
    on_ble_evt                               0x00016c8d   Thumb Code    44  main.o(.text)
    ble_evt_dispatch                         0x00016cb9   Thumb Code    40  main.o(.text)
    ble_stack_init                           0x00016ce1   Thumb Code   146  main.o(.text)
    gpiote_init                              0x00016d73   Thumb Code    42  main.o(.text)
    .text                                    0x00016e68   Section        0  battery.o(.text)
    battery_level_in_percent                 0x00016f59   Thumb Code   148  battery.o(.text)
    .text                                    0x00017028   Section        0  bsp_btn_smart_locker.o(.text)
    nrf_gpio_pin_toggle                      0x00017029   Thumb Code    32  bsp_btn_smart_locker.o(.text)
    nrf_gpio_pin_write                       0x00017049   Thumb Code    34  bsp_btn_smart_locker.o(.text)
    bsp_sls_env_value_init                   0x000171df   Thumb Code    32  bsp_btn_smart_locker.o(.text)
    bsp_sys_run_led_timeout_handler          0x000171ff   Thumb Code    12  bsp_btn_smart_locker.o(.text)
    bsp_open_elec_lock                       0x0001720b   Thumb Code   102  bsp_btn_smart_locker.o(.text)
    bsp_open_elec_lock_wait_timeout_handler  0x00017271   Thumb Code    16  bsp_btn_smart_locker.o(.text)
    bsp_open_uv_lamp_and_indicator_led       0x0001730f   Thumb Code    22  bsp_btn_smart_locker.o(.text)
    bsp_button_event_handler                 0x00017325   Thumb Code   178  bsp_btn_smart_locker.o(.text)
    bsp_close_uv_lamp_and_indicator_led      0x000173d9   Thumb Code    22  bsp_btn_smart_locker.o(.text)
    bsp_close_fan_negative_ion_and_indicator_led 0x000175c5   Thumb Code    22  bsp_btn_smart_locker.o(.text)
    bsp_open_fan_negative_ion_and_indicator_led 0x000175db   Thumb Code    22  bsp_btn_smart_locker.o(.text)
    nrf_gpio_cfg_output                      0x000176c5   Thumb Code    18  bsp_btn_smart_locker.o(.text)
    nrf_gpio_pin_read                        0x000176d7   Thumb Code    14  bsp_btn_smart_locker.o(.text)
    .text                                    0x0001783c   Section        0  ble_dis.o(.text)
    sys_id_encode                            0x0001783d   Thumb Code   160  ble_dis.o(.text)
    pnp_id_encode                            0x000178dd   Thumb Code   152  ble_dis.o(.text)
    char_add                                 0x00017975   Thumb Code   232  ble_dis.o(.text)
    uint16_encode                            0x00017bdf   Thumb Code    18  ble_dis.o(.text)
    .text                                    0x00017c54   Section        0  ble_bas.o(.text)
    on_connect                               0x00017c55   Thumb Code     6  ble_bas.o(.text)
    on_disconnect                            0x00017c5b   Thumb Code     8  ble_bas.o(.text)
    on_write                                 0x00017c63   Thumb Code    80  ble_bas.o(.text)
    battery_level_char_add                   0x00017ced   Thumb Code   448  ble_bas.o(.text)
    .text                                    0x00017f74   Section        0  ble_sls.o(.text)
    on_connect                               0x00017f75   Thumb Code     6  ble_sls.o(.text)
    on_disconnect                            0x00017f7b   Thumb Code     8  ble_sls.o(.text)
    on_write                                 0x00017f83   Thumb Code    62  ble_sls.o(.text)
    uv_lamp_cmd_char_add                     0x0001800d   Thumb Code   336  ble_sls.o(.text)
    uv_lamp_status_char_add                  0x0001815d   Thumb Code   296  ble_sls.o(.text)
    uv_lamp_door_status_char_add             0x00018285   Thumb Code   288  ble_sls.o(.text)
    fan_negative_ion_cmd_char_add            0x000183a5   Thumb Code   438  ble_sls.o(.text)
    fan_negative_ion_status_char_add         0x0001855b   Thumb Code   290  ble_sls.o(.text)
    elec_lock_cmd_char_add                   0x0001867d   Thumb Code   332  ble_sls.o(.text)
    elec_lock_status_char_add                0x000187c9   Thumb Code   340  ble_sls.o(.text)
    .text                                    0x000189d4   Section        0  ble_conn_params.o(.text)
    is_conn_params_ok                        0x000189d5   Thumb Code    30  ble_conn_params.o(.text)
    update_timeout_handler                   0x000189f3   Thumb Code   136  ble_conn_params.o(.text)
    conn_params_negotiation                  0x00018ae1   Thumb Code   126  ble_conn_params.o(.text)
    on_connect                               0x00018b5f   Thumb Code    42  ble_conn_params.o(.text)
    on_disconnect                            0x00018b89   Thumb Code    50  ble_conn_params.o(.text)
    on_write                                 0x00018bbb   Thumb Code    84  ble_conn_params.o(.text)
    on_conn_params_update                    0x00018c0f   Thumb Code    20  ble_conn_params.o(.text)
    .text                                    0x00018cdc   Section        0  ble_advdata.o(.text)
    name_encode                              0x00018cdd   Thumb Code   150  ble_advdata.o(.text)
    appearance_encode                        0x00018d73   Thumb Code    74  ble_advdata.o(.text)
    uint8_array_encode                       0x00018dbd   Thumb Code    82  ble_advdata.o(.text)
    tx_power_level_encode                    0x00018e0f   Thumb Code    48  ble_advdata.o(.text)
    uuid_list_sized_encode                   0x00018e3f   Thumb Code   196  ble_advdata.o(.text)
    uuid_list_encode                         0x00018f03   Thumb Code    64  ble_advdata.o(.text)
    conn_int_check                           0x00018f43   Thumb Code    88  ble_advdata.o(.text)
    conn_int_encode                          0x00018f9b   Thumb Code    92  ble_advdata.o(.text)
    manuf_specific_data_encode               0x00018ff7   Thumb Code   106  ble_advdata.o(.text)
    service_data_encode                      0x00019061   Thumb Code   140  ble_advdata.o(.text)
    adv_data_encode                          0x000190ed   Thumb Code   302  ble_advdata.o(.text)
    advdata_check                            0x0001921b   Thumb Code    34  ble_advdata.o(.text)
    srdata_check                             0x0001923d   Thumb Code    16  ble_advdata.o(.text)
    uint16_encode                            0x000192c7   Thumb Code    18  ble_advdata.o(.text)
    .text                                    0x000192dc   Section        0  ble_srv_common.o(.text)
    .text                                    0x00019364   Section        0  app_timer.o(.text)
    NVIC_SetPriority                         0x00019365   Thumb Code   110  app_timer.o(.text)
    rtc1_init                                0x000193d3   Thumb Code    18  app_timer.o(.text)
    rtc1_start                               0x000193e5   Thumb Code    48  app_timer.o(.text)
    rtc1_stop                                0x00019415   Thumb Code    68  app_timer.o(.text)
    timer_list_insert                        0x00019459   Thumb Code   212  app_timer.o(.text)
    timer_list_remove                        0x0001952d   Thumb Code   170  app_timer.o(.text)
    timer_timeouts_check_sched               0x000195d7   Thumb Code    10  app_timer.o(.text)
    timer_list_handler_sched                 0x000195e1   Thumb Code    10  app_timer.o(.text)
    timeout_handler_exec                     0x000195eb   Thumb Code    60  app_timer.o(.text)
    timer_timeouts_check                     0x00019627   Thumb Code   132  app_timer.o(.text)
    elapsed_ticks_acquire                    0x000196ab   Thumb Code    82  app_timer.o(.text)
    list_deletions_handler                   0x000196fd   Thumb Code   284  app_timer.o(.text)
    expired_timers_handler                   0x00019819   Thumb Code   100  app_timer.o(.text)
    list_insertions_handler                  0x0001987d   Thumb Code   264  app_timer.o(.text)
    compare_reg_update                       0x00019985   Thumb Code   124  app_timer.o(.text)
    timer_list_handler                       0x00019a01   Thumb Code    70  app_timer.o(.text)
    user_op_enque                            0x00019a47   Thumb Code     4  app_timer.o(.text)
    user_op_alloc                            0x00019a4b   Thumb Code    44  app_timer.o(.text)
    timer_start_op_schedule                  0x00019a77   Thumb Code    80  app_timer.o(.text)
    timer_stop_op_schedule                   0x00019ac7   Thumb Code    58  app_timer.o(.text)
    timer_stop_all_op_schedule               0x00019b01   Thumb Code    58  app_timer.o(.text)
    user_id_get                              0x00019ccb   Thumb Code    34  app_timer.o(.text)
    NVIC_EnableIRQ                           0x00019dc9   Thumb Code    14  app_timer.o(.text)
    NVIC_SetPendingIRQ                       0x00019dd7   Thumb Code    14  app_timer.o(.text)
    NVIC_ClearPendingIRQ                     0x00019de5   Thumb Code    16  app_timer.o(.text)
    current_int_priority_get                 0x00019df5   Thumb Code    84  app_timer.o(.text)
    rtc1_counter_get                         0x00019e49   Thumb Code     6  app_timer.o(.text)
    ticks_diff_get                           0x00019e4f   Thumb Code    10  app_timer.o(.text)
    .text                                    0x00019e88   Section        0  softdevice_handler.o(.text)
    .text                                    0x0001a05c   Section        0  simple_uart.o(.text)
    nrf_gpio_cfg_output                      0x0001a143   Thumb Code    18  simple_uart.o(.text)
    nrf_gpio_cfg_input                       0x0001a155   Thumb Code    20  simple_uart.o(.text)
    .text                                    0x0001a178   Section        0  device_manager_peripheral.o(.text)
    connection_instance_find                 0x0001a179   Thumb Code    64  device_manager_peripheral.o(.text)
    peer_instance_init                       0x0001a1b9   Thumb Code    76  device_manager_peripheral.o(.text)
    device_instance_free                     0x0001a205   Thumb Code    44  device_manager_peripheral.o(.text)
    device_instance_find                     0x0001a231   Thumb Code    82  device_manager_peripheral.o(.text)
    connection_instance_init                 0x0001a283   Thumb Code    50  device_manager_peripheral.o(.text)
    storage_operation_dummy_handler          0x0001a2b5   Thumb Code     8  device_manager_peripheral.o(.text)
    gatts_context_store                      0x0001a2bd   Thumb Code   184  device_manager_peripheral.o(.text)
    gattc_context_store                      0x0001a375   Thumb Code     6  device_manager_peripheral.o(.text)
    gatts_context_load                       0x0001a37b   Thumb Code    64  device_manager_peripheral.o(.text)
    gattc_context_load                       0x0001a3bb   Thumb Code     6  device_manager_peripheral.o(.text)
    gatts_context_apply                      0x0001a3c1   Thumb Code   116  device_manager_peripheral.o(.text)
    gattc_context_apply                      0x0001a435   Thumb Code     6  device_manager_peripheral.o(.text)
    dm_pstorage_cb_handler                   0x0001a455   Thumb Code   506  device_manager_peripheral.o(.text)
    device_context_store                     0x0001acd3   Thumb Code   172  device_manager_peripheral.o(.text)
    update_status_bit_reset                  0x0001b47b   Thumb Code    16  device_manager_peripheral.o(.text)
    device_instance_allocate                 0x0001b48b   Thumb Code   118  device_manager_peripheral.o(.text)
    app_evt_notify                           0x0001b501   Thumb Code    24  device_manager_peripheral.o(.text)
    no_service_context_store                 0x0001b519   Thumb Code     6  device_manager_peripheral.o(.text)
    gattsc_context_store                     0x0001b51f   Thumb Code    30  device_manager_peripheral.o(.text)
    no_service_context_load                  0x0001b53d   Thumb Code     6  device_manager_peripheral.o(.text)
    gattsc_context_load                      0x0001b543   Thumb Code    30  device_manager_peripheral.o(.text)
    no_service_context_apply                 0x0001b561   Thumb Code     6  device_manager_peripheral.o(.text)
    gattsc_context_apply                     0x0001b567   Thumb Code    26  device_manager_peripheral.o(.text)
    .text                                    0x0001b5a0   Section        0  pstorage.o(.text)
    cmd_queue_element_init                   0x0001b5a1   Thumb Code    56  pstorage.o(.text)
    cmd_queue_init                           0x0001b5d9   Thumb Code    40  pstorage.o(.text)
    swap_state_process                       0x0001b601   Thumb Code   578  pstorage.o(.text)
    cmd_process                              0x0001b843   Thumb Code   382  pstorage.o(.text)
    cmd_queue_enqueue                        0x0001b9c1   Thumb Code   138  pstorage.o(.text)
    cmd_queue_dequeue                        0x0001ba4b   Thumb Code    32  pstorage.o(.text)
    app_notify                               0x0001ba6b   Thumb Code   100  pstorage.o(.text)
    is_word_aligned                          0x0001c23f   Thumb Code    18  pstorage.o(.text)
    .text                                    0x0001c25c   Section        0  app_button.o(.text)
    button_handler_execute                   0x0001c25d   Thumb Code    82  app_button.o(.text)
    detection_delay_timeout_handler          0x0001c2af   Thumb Code   144  app_button.o(.text)
    gpiote_event_handler                     0x0001c33f   Thumb Code    52  app_button.o(.text)
    .text                                    0x0001c508   Section        0  app_gpiote.o(.text)
    sense_level_toggle                       0x0001c509   Thumb Code   128  app_gpiote.o(.text)
    pins_sense_disable                       0x0001c627   Thumb Code    98  app_gpiote.o(.text)
    NVIC_SetPriority                         0x0001c8df   Thumb Code   110  app_gpiote.o(.text)
    .text                                    0x0001c974   Section        0  lludiv.o(.text)
    .text                                    0x0001ca76   Section        0  memcmp.o(.text)
    .text                                    0x0001cad0   Section        0  strlen.o(.text)
    .text                                    0x0001cb14   Section        0  rt_memcpy.o(.text)
    .text                                    0x0001cb96   Section        0  rt_memclr.o(.text)
    .text                                    0x0001cbd6   Section      346  aeabi_sdiv.o(.text)
    .text                                    0x0001cd30   Section        0  heapauxi.o(.text)
    .text                                    0x0001cd36   Section       62  sys_stackheap_outer.o(.text)
    .text                                    0x0001cd74   Section        0  exit.o(.text)
    .text                                    0x0001cd80   Section        8  libspace.o(.text)
    .text                                    0x0001cd88   Section        0  sys_exit.o(.text)
    .text                                    0x0001cd94   Section        2  use_no_semi.o(.text)
    .text                                    0x0001cd96   Section        0  indicate_semi.o(.text)
    .text                                    0x0001cd96   Section        0  __dczerorl2.o(.text)
    i.__ARM_common_switch8                   0x0001cdec   Section        0  pstorage.o(i.__ARM_common_switch8)
    .constdata                               0x0001ce08   Section       12  main.o(.constdata)
    .constdata                               0x0001ce14   Section       52  device_manager_peripheral.o(.constdata)
    .conststring                             0x0001ce48   Section       69  device_manager_peripheral.o(.conststring)
    .data                                    0x20002000   Section        4  system_nrf51.o(.data)
    __tagsym$$used                           0x20002000   Number         0  system_nrf51.o(.data)
    .data                                    0x20002004   Section       14  main.o(.data)
    m_cur_heart_rate                         0x20002004   Data           2  main.o(.data)
    m_battery_timer_id                       0x20002008   Data           4  main.o(.data)
    m_send_dev_info_timer_id                 0x2000200c   Data           4  main.o(.data)
    m_memory_access_in_progress              0x20002010   Data           1  main.o(.data)
    m_app_handle                             0x20002011   Data           1  main.o(.data)
    .data                                    0x20002014   Section       56  bsp_btn_smart_locker.o(.data)
    smart_locker_local_prescal               0x20002020   Data           4  bsp_btn_smart_locker.o(.data)
    buttons                                  0x20002024   Data          32  bsp_btn_smart_locker.o(.data)
    open_try_times                           0x20002044   Data           1  bsp_btn_smart_locker.o(.data)
    str                                      0x20002045   Data           7  bsp_btn_smart_locker.o(.data)
    .data                                    0x2000204c   Section       74  ble_dis.o(.data)
    service_handle                           0x2000204c   Data           2  ble_dis.o(.data)
    manufact_name_handles                    0x2000204e   Data           8  ble_dis.o(.data)
    model_num_handles                        0x20002056   Data           8  ble_dis.o(.data)
    serial_num_handles                       0x2000205e   Data           8  ble_dis.o(.data)
    hw_rev_handles                           0x20002066   Data           8  ble_dis.o(.data)
    fw_rev_handles                           0x2000206e   Data           8  ble_dis.o(.data)
    sw_rev_handles                           0x20002076   Data           8  ble_dis.o(.data)
    sys_id_handles                           0x2000207e   Data           8  ble_dis.o(.data)
    reg_cert_data_list_handles               0x20002086   Data           8  ble_dis.o(.data)
    pnp_id_handles                           0x2000208e   Data           8  ble_dis.o(.data)
    .data                                    0x20002096   Section        7  ble_sls.o(.data)
    .data                                    0x200020a0   Section       25  ble_conn_params.o(.data)
    m_preferred_conn_params                  0x200020a0   Data           8  ble_conn_params.o(.data)
    m_update_count                           0x200020a8   Data           1  ble_conn_params.o(.data)
    m_conn_handle                            0x200020aa   Data           2  ble_conn_params.o(.data)
    m_current_conn_params                    0x200020ac   Data           8  ble_conn_params.o(.data)
    m_conn_params_timer_id                   0x200020b4   Data           4  ble_conn_params.o(.data)
    m_change_param                           0x200020b8   Data           1  ble_conn_params.o(.data)
    .data                                    0x200020bc   Section       41  app_timer.o(.data)
    m_node_array_size                        0x200020bc   Data           1  app_timer.o(.data)
    mp_nodes                                 0x200020c0   Data           4  app_timer.o(.data)
    m_user_array_size                        0x200020c4   Data           1  app_timer.o(.data)
    mp_users                                 0x200020c8   Data           4  app_timer.o(.data)
    m_timer_id_head                          0x200020cc   Data           4  app_timer.o(.data)
    m_ticks_latest                           0x200020d0   Data           4  app_timer.o(.data)
    m_ticks_elapsed                          0x200020d4   Data           8  app_timer.o(.data)
    m_ticks_elapsed_q_read_ind               0x200020dc   Data           1  app_timer.o(.data)
    m_ticks_elapsed_q_write_ind              0x200020dd   Data           1  app_timer.o(.data)
    m_evt_schedule_func                      0x200020e0   Data           4  app_timer.o(.data)
    m_rtc1_running                           0x200020e4   Data           1  app_timer.o(.data)
    .data                                    0x200020e8   Section       20  softdevice_handler.o(.data)
    m_evt_schedule_func                      0x200020e8   Data           4  softdevice_handler.o(.data)
    m_evt_buffer                             0x200020ec   Data           4  softdevice_handler.o(.data)
    m_ble_evt_buffer_size                    0x200020f0   Data           2  softdevice_handler.o(.data)
    m_softdevice_enabled                     0x200020f2   Data           1  softdevice_handler.o(.data)
    m_ble_evt_handler                        0x200020f4   Data           4  softdevice_handler.o(.data)
    m_sys_evt_handler                        0x200020f8   Data           4  softdevice_handler.o(.data)
    .data                                    0x200020fc   Section       20  device_manager_peripheral.o(.data)
    m_storage_handle                         0x200020fc   Data           8  device_manager_peripheral.o(.data)
    m_peer_addr_update                       0x20002104   Data           4  device_manager_peripheral.o(.data)
    m_module_initialized                     0x20002108   Data           1  device_manager_peripheral.o(.data)
    m_irk_index_table                        0x20002109   Data           7  device_manager_peripheral.o(.data)
    .data                                    0x20002110   Section       12  pstorage.o(.data)
    m_next_app_instance                      0x20002110   Data           2  pstorage.o(.data)
    m_next_page_addr                         0x20002114   Data           4  pstorage.o(.data)
    m_round_val                              0x20002118   Data           2  pstorage.o(.data)
    m_module_initialized                     0x2000211a   Data           1  pstorage.o(.data)
    m_swap_state                             0x2000211b   Data           1  pstorage.o(.data)
    .data                                    0x2000211c   Section       32  app_button.o(.data)
    mp_buttons                               0x2000211c   Data           4  app_button.o(.data)
    m_button_count                           0x20002120   Data           1  app_button.o(.data)
    m_detection_delay                        0x20002124   Data           4  app_button.o(.data)
    m_evt_schedule_func                      0x20002128   Data           4  app_button.o(.data)
    m_gpiote_user_id                         0x2000212c   Data           1  app_button.o(.data)
    m_detection_delay_timer_id               0x20002130   Data           4  app_button.o(.data)
    m_pin_transition                         0x20002134   Data           8  app_button.o(.data)
    .data                                    0x2000213c   Section       12  app_gpiote.o(.data)
    m_enabled_users_mask                     0x2000213c   Data           4  app_gpiote.o(.data)
    m_user_array_size                        0x20002140   Data           1  app_gpiote.o(.data)
    m_user_count                             0x20002141   Data           1  app_gpiote.o(.data)
    mp_users                                 0x20002144   Data           4  app_gpiote.o(.data)
    .bss                                     0x20002148   Section     1056  main.o(.bss)
    m_adv_params                             0x20002148   Data          20  main.o(.bss)
    m_sls                                    0x20002174   Data          64  main.o(.bss)
    APP_TIMER_BUF                            0x200021b4   Data         848  main.o(.bss)
    EVT_BUFFER                               0x20002504   Data          80  main.o(.bss)
    app_gpiote_buf                           0x20002554   Data          20  main.o(.bss)
    .bss                                     0x20002568   Section       28  ble_conn_params.o(.bss)
    m_conn_params_config                     0x20002568   Data          28  ble_conn_params.o(.bss)
    .bss                                     0x20002584   Section      268  device_manager_peripheral.o(.bss)
    m_peer_table                             0x20002584   Data         196  device_manager_peripheral.o(.bss)
    m_bond_table                             0x20002648   Data          24  device_manager_peripheral.o(.bss)
    m_gatts_table                            0x20002660   Data          24  device_manager_peripheral.o(.bss)
    m_connection_table                       0x20002678   Data          12  device_manager_peripheral.o(.bss)
    m_application_table                      0x20002684   Data          12  device_manager_peripheral.o(.bss)
    .bss                                     0x20002690   Section      220  pstorage.o(.bss)
    m_cmd_queue                              0x20002690   Data         204  pstorage.o(.bss)
    m_app_table                              0x2000275c   Data          16  pstorage.o(.bss)
    .bss                                     0x2000276c   Section       96  libspace.o(.bss)
    HEAP                                     0x200027d0   Section     2048  arm_startup_nrf51.o(HEAP)
    Heap_Mem                                 0x200027d0   Data        2048  arm_startup_nrf51.o(HEAP)
    STACK                                    0x20002fd0   Section     2048  arm_startup_nrf51.o(STACK)
    Stack_Mem                                0x20002fd0   Data        2048  arm_startup_nrf51.o(STACK)
    __initial_sp                             0x200037d0   Data           0  arm_startup_nrf51.o(STACK)

    Global Symbols

    Symbol Name                              Value     Ov Type        Size  Object(Section)

    BuildAttributes$$THM_ISAv3M$S$PE$A:L22$X:L11$S22$IEEE1$IW$USESV6$~STKCKD$USESV7$~SHL$OSPACE$ROPI$EBA8$UX$STANDARDLIB$REQ8$PRES8$EABIv2 0x00000000   Number         0  anon$$obj.o ABSOLUTE
    __ARM_use_no_argv                        0x00000000   Number         0  main.o ABSOLUTE
    __ARM_exceptions_init                     - Undefined Weak Reference
    __alloca_initialize                       - Undefined Weak Reference
    __arm_preinit_                            - Undefined Weak Reference
    __cpp_initialize__aeabi_                  - Undefined Weak Reference
    __cxa_finalize                            - Undefined Weak Reference
    __rt_locale                               - Undefined Weak Reference
    __sigvec_lookup                           - Undefined Weak Reference
    _atexit_init                              - Undefined Weak Reference
    _call_atexit_fns                          - Undefined Weak Reference
    _clock_init                               - Undefined Weak Reference
    _fp_trap_init                             - Undefined Weak Reference
    _fp_trap_shutdown                         - Undefined Weak Reference
    _get_lc_collate                           - Undefined Weak Reference
    _get_lc_ctype                             - Undefined Weak Reference
    _get_lc_monetary                          - Undefined Weak Reference
    _get_lc_numeric                           - Undefined Weak Reference
    _get_lc_time                              - Undefined Weak Reference
    _getenv_init                              - Undefined Weak Reference
    _handle_redirection                       - Undefined Weak Reference
    _init_alloc                               - Undefined Weak Reference
    _init_user_alloc                          - Undefined Weak Reference
    _initio                                   - Undefined Weak Reference
    _rand_init                                - Undefined Weak Reference
    _signal_finish                            - Undefined Weak Reference
    _signal_init                              - Undefined Weak Reference
    _terminate_alloc                          - Undefined Weak Reference
    _terminate_user_alloc                     - Undefined Weak Reference
    _terminateio                              - Undefined Weak Reference
    __Vectors_Size                           0x000000c0   Number         0  arm_startup_nrf51.o ABSOLUTE
    __Vectors                                0x00016000   Data           4  arm_startup_nrf51.o(RESET)
    __Vectors_End                            0x000160c0   Data           0  arm_startup_nrf51.o(RESET)
    __main                                   0x000160c1   Thumb Code     8  __main.o(!!!main)
    __scatterload                            0x000160c9   Thumb Code     0  __scatter.o(!!!scatter)
    __scatterload_rt2                        0x000160c9   Thumb Code    52  __scatter.o(!!!scatter)
    __scatterload_rt2_thumb_only             0x000160c9   Thumb Code     0  __scatter.o(!!!scatter)
    __scatterload_null                       0x000160d9   Thumb Code     0  __scatter.o(!!!scatter)
    __scatterload_zeroinit                   0x00016105   Thumb Code    28  __scatter_zi.o(!!handler_zi)
    __rt_lib_init                            0x00016121   Thumb Code     0  libinit.o(.ARM.Collect$$libinit$$00000000)
    __rt_lib_init_alloca_1                   0x00016123   Thumb Code     0  libinit2.o(.ARM.Collect$$libinit$$0000002E)
    __rt_lib_init_argv_1                     0x00016123   Thumb Code     0  libinit2.o(.ARM.Collect$$libinit$$0000002C)
    __rt_lib_init_atexit_1                   0x00016123   Thumb Code     0  libinit2.o(.ARM.Collect$$libinit$$0000001B)
    __rt_lib_init_clock_1                    0x00016123   Thumb Code     0  libinit2.o(.ARM.Collect$$libinit$$00000021)
    __rt_lib_init_cpp_1                      0x00016123   Thumb Code     0  libinit2.o(.ARM.Collect$$libinit$$00000032)
    __rt_lib_init_exceptions_1               0x00016123   Thumb Code     0  libinit2.o(.ARM.Collect$$libinit$$00000030)
    __rt_lib_init_fp_1                       0x00016123   Thumb Code     0  libinit2.o(.ARM.Collect$$libinit$$00000002)
    __rt_lib_init_fp_trap_1                  0x00016123   Thumb Code     0  libinit2.o(.ARM.Collect$$libinit$$0000001F)
    __rt_lib_init_getenv_1                   0x00016123   Thumb Code     0  libinit2.o(.ARM.Collect$$libinit$$00000023)
    __rt_lib_init_heap_1                     0x00016123   Thumb Code     0  libinit2.o(.ARM.Collect$$libinit$$0000000A)
    __rt_lib_init_lc_collate_1               0x00016123   Thumb Code     0  libinit2.o(.ARM.Collect$$libinit$$00000011)
    __rt_lib_init_lc_ctype_1                 0x00016123   Thumb Code     0  libinit2.o(.ARM.Collect$$libinit$$00000013)
    __rt_lib_init_lc_monetary_1              0x00016123   Thumb Code     0  libinit2.o(.ARM.Collect$$libinit$$00000015)
    __rt_lib_init_lc_numeric_1               0x00016123   Thumb Code     0  libinit2.o(.ARM.Collect$$libinit$$00000017)
    __rt_lib_init_lc_time_1                  0x00016123   Thumb Code     0  libinit2.o(.ARM.Collect$$libinit$$00000019)
    __rt_lib_init_preinit_1                  0x00016123   Thumb Code     0  libinit2.o(.ARM.Collect$$libinit$$00000004)
    __rt_lib_init_rand_1                     0x00016123   Thumb Code     0  libinit2.o(.ARM.Collect$$libinit$$0000000E)
    __rt_lib_init_return                     0x00016123   Thumb Code     0  libinit2.o(.ARM.Collect$$libinit$$00000033)
    __rt_lib_init_signal_1                   0x00016123   Thumb Code     0  libinit2.o(.ARM.Collect$$libinit$$0000001D)
    __rt_lib_init_stdio_1                    0x00016123   Thumb Code     0  libinit2.o(.ARM.Collect$$libinit$$00000025)
    __rt_lib_init_user_alloc_1               0x00016123   Thumb Code     0  libinit2.o(.ARM.Collect$$libinit$$0000000C)
    __rt_lib_shutdown                        0x00016125   Thumb Code     0  libshutdown.o(.ARM.Collect$$libshutdown$$00000000)
    __rt_lib_shutdown_fp_trap_1              0x00016127   Thumb Code     0  libshutdown2.o(.ARM.Collect$$libshutdown$$00000006)
    __rt_lib_shutdown_heap_1                 0x00016127   Thumb Code     0  libshutdown2.o(.ARM.Collect$$libshutdown$$0000000E)
    __rt_lib_shutdown_return                 0x00016127   Thumb Code     0  libshutdown2.o(.ARM.Collect$$libshutdown$$0000000F)
    __rt_lib_shutdown_signal_1               0x00016127   Thumb Code     0  libshutdown2.o(.ARM.Collect$$libshutdown$$00000009)
    __rt_lib_shutdown_stdio_1                0x00016127   Thumb Code     0  libshutdown2.o(.ARM.Collect$$libshutdown$$00000003)
    __rt_lib_shutdown_user_alloc_1           0x00016127   Thumb Code     0  libshutdown2.o(.ARM.Collect$$libshutdown$$0000000B)
    __rt_entry                               0x00016129   Thumb Code     0  __rtentry.o(.ARM.Collect$$rtentry$$00000000)
    __rt_entry_presh_1                       0x00016129   Thumb Code     0  __rtentry2.o(.ARM.Collect$$rtentry$$00000002)
    __rt_entry_sh                            0x00016129   Thumb Code     0  __rtentry4.o(.ARM.Collect$$rtentry$$00000004)
    __rt_entry_li                            0x0001612f   Thumb Code     0  __rtentry2.o(.ARM.Collect$$rtentry$$0000000A)
    __rt_entry_postsh_1                      0x0001612f   Thumb Code     0  __rtentry2.o(.ARM.Collect$$rtentry$$00000009)
    __rt_entry_main                          0x00016133   Thumb Code     0  __rtentry2.o(.ARM.Collect$$rtentry$$0000000D)
    __rt_entry_postli_1                      0x00016133   Thumb Code     0  __rtentry2.o(.ARM.Collect$$rtentry$$0000000C)
    __rt_exit                                0x0001613b   Thumb Code     0  rtexit.o(.ARM.Collect$$rtexit$$00000000)
    __rt_exit_ls                             0x0001613d   Thumb Code     0  rtexit2.o(.ARM.Collect$$rtexit$$00000003)
    __rt_exit_prels_1                        0x0001613d   Thumb Code     0  rtexit2.o(.ARM.Collect$$rtexit$$00000002)
    __rt_exit_exit                           0x00016141   Thumb Code     0  rtexit2.o(.ARM.Collect$$rtexit$$00000004)
    __asm___11_app_timer_c_cd27f9c3__nrf_delay_us 0x00016149   Thumb Code    30  app_timer.o(.emb_text)
    __asm___13_simple_uart_c_5dda6715__nrf_delay_us 0x00016169   Thumb Code    30  simple_uart.o(.emb_text)
    __aeabi_memcpy4                          0x00016189   Thumb Code    56  rt_memcpy.o(.emb_text)
    __aeabi_memcpy8                          0x00016189   Thumb Code     0  rt_memcpy.o(.emb_text)
    Reset_Handler                            0x000161c1   Thumb Code    26  arm_startup_nrf51.o(.text)
    NMI_Handler                              0x000161db   Thumb Code     2  arm_startup_nrf51.o(.text)
    HardFault_Handler                        0x000161dd   Thumb Code     2  arm_startup_nrf51.o(.text)
    SVC_Handler                              0x000161df   Thumb Code     2  arm_startup_nrf51.o(.text)
    PendSV_Handler                           0x000161e1   Thumb Code     2  arm_startup_nrf51.o(.text)
    SysTick_Handler                          0x000161e3   Thumb Code     2  arm_startup_nrf51.o(.text)
    CCM_AAR_IRQHandler                       0x000161e5   Thumb Code     0  arm_startup_nrf51.o(.text)
    ECB_IRQHandler                           0x000161e5   Thumb Code     0  arm_startup_nrf51.o(.text)
    LPCOMP_IRQHandler                        0x000161e5   Thumb Code     0  arm_startup_nrf51.o(.text)
    POWER_CLOCK_IRQHandler                   0x000161e5   Thumb Code     0  arm_startup_nrf51.o(.text)
    QDEC_IRQHandler                          0x000161e5   Thumb Code     0  arm_startup_nrf51.o(.text)
    RADIO_IRQHandler                         0x000161e5   Thumb Code     0  arm_startup_nrf51.o(.text)
    RNG_IRQHandler                           0x000161e5   Thumb Code     0  arm_startup_nrf51.o(.text)
    RTC0_IRQHandler                          0x000161e5   Thumb Code     0  arm_startup_nrf51.o(.text)
    SPI0_TWI0_IRQHandler                     0x000161e5   Thumb Code     0  arm_startup_nrf51.o(.text)
    SPI1_TWI1_IRQHandler                     0x000161e5   Thumb Code     0  arm_startup_nrf51.o(.text)
    SWI1_IRQHandler                          0x000161e5   Thumb Code     0  arm_startup_nrf51.o(.text)
    SWI3_IRQHandler                          0x000161e5   Thumb Code     0  arm_startup_nrf51.o(.text)
    SWI4_IRQHandler                          0x000161e5   Thumb Code     0  arm_startup_nrf51.o(.text)
    SWI5_IRQHandler                          0x000161e5   Thumb Code     0  arm_startup_nrf51.o(.text)
    TEMP_IRQHandler                          0x000161e5   Thumb Code     0  arm_startup_nrf51.o(.text)
    TIMER0_IRQHandler                        0x000161e5   Thumb Code     0  arm_startup_nrf51.o(.text)
    TIMER1_IRQHandler                        0x000161e5   Thumb Code     0  arm_startup_nrf51.o(.text)
    TIMER2_IRQHandler                        0x000161e5   Thumb Code     0  arm_startup_nrf51.o(.text)
    UART0_IRQHandler                         0x000161e5   Thumb Code     0  arm_startup_nrf51.o(.text)
    WDT_IRQHandler                           0x000161e5   Thumb Code     0  arm_startup_nrf51.o(.text)
    __user_initial_stackheap                 0x000161e9   Thumb Code    10  arm_startup_nrf51.o(.text)
    SystemCoreClockUpdate                    0x00016215   Thumb Code     8  system_nrf51.o(.text)
    SystemInit                               0x00016307   Thumb Code    76  system_nrf51.o(.text)
    app_error_handler                        0x00016379   Thumb Code    22  main.o(.text)
    assert_nrf_callback                      0x0001638f   Thumb Code    14  main.o(.text)
    main                                     0x00016d9d   Thumb Code   196  main.o(.text)
    ADC_IRQHandler                           0x00016e69   Thumb Code   108  battery.o(.text)
    battery_start                            0x00016ed5   Thumb Code   132  battery.o(.text)
    bsp_board_led_state_get                  0x0001706b   Thumb Code    32  bsp_btn_smart_locker.o(.text)
    bsp_board_led_on                         0x0001708b   Thumb Code    14  bsp_btn_smart_locker.o(.text)
    bsp_board_led_off                        0x00017099   Thumb Code    14  bsp_btn_smart_locker.o(.text)
    bsp_board_leds_off                       0x000170a7   Thumb Code    22  bsp_btn_smart_locker.o(.text)
    bsp_board_leds_on                        0x000170bd   Thumb Code    22  bsp_btn_smart_locker.o(.text)
    bsp_board_led_invert                     0x000170d3   Thumb Code    12  bsp_btn_smart_locker.o(.text)
    bsp_board_leds_init                      0x000170df   Thumb Code    26  bsp_btn_smart_locker.o(.text)
    bsp_board_switch_on                      0x000170f9   Thumb Code    14  bsp_btn_smart_locker.o(.text)
    bsp_board_switch_off                     0x00017107   Thumb Code    14  bsp_btn_smart_locker.o(.text)
    bsp_board_switchs_off                    0x00017115   Thumb Code    22  bsp_btn_smart_locker.o(.text)
    bsp_board_switchs_on                     0x0001712b   Thumb Code    22  bsp_btn_smart_locker.o(.text)
    bsp_board_switch_invert                  0x00017141   Thumb Code    12  bsp_btn_smart_locker.o(.text)
    bsp_board_switchs_init                   0x0001714d   Thumb Code    26  bsp_btn_smart_locker.o(.text)
    bsp_board_button_state_get               0x00017167   Thumb Code    28  bsp_btn_smart_locker.o(.text)
    bsp_board_buttons_init                   0x00017183   Thumb Code    92  bsp_btn_smart_locker.o(.text)
    bsp_smart_locker_board_init              0x00017281   Thumb Code   142  bsp_btn_smart_locker.o(.text)
    bsp_btn_smart_locker_evt_handler_callback 0x000173d7   Thumb Code     2  bsp_btn_smart_locker.o(.text)
    uint8_to_string                          0x000173ef   Thumb Code   354  bsp_btn_smart_locker.o(.text)
    bsp_cb_on_uv_lamp_cmd_write              0x00017551   Thumb Code   116  bsp_btn_smart_locker.o(.text)
    bsp_cb_on_fan_negative_ion_cmd_write     0x000175f1   Thumb Code   116  bsp_btn_smart_locker.o(.text)
    bsp_cb_on_elec_lock_cmd_write            0x00017665   Thumb Code    96  bsp_btn_smart_locker.o(.text)
    ble_dis_init                             0x00017a5d   Thumb Code   386  ble_dis.o(.text)
    ble_bas_on_ble_evt                       0x00017cb3   Thumb Code    58  ble_bas.o(.text)
    ble_bas_init                             0x00017ead   Thumb Code    66  ble_bas.o(.text)
    ble_bas_battery_level_update             0x00017eef   Thumb Code   118  ble_bas.o(.text)
    ble_sls_on_ble_evt                       0x00017fc1   Thumb Code    76  ble_sls.o(.text)
    ble_sls_init                             0x0001891d   Thumb Code   180  ble_sls.o(.text)
    ble_conn_params_init                     0x00018a7b   Thumb Code    90  ble_conn_params.o(.text)
    ble_conn_params_stop                     0x00018ad5   Thumb Code    12  ble_conn_params.o(.text)
    ble_conn_params_on_ble_evt               0x00018c23   Thumb Code    62  ble_conn_params.o(.text)
    ble_conn_params_change_conn_params       0x00018c61   Thumb Code    86  ble_conn_params.o(.text)
    ble_advdata_set                          0x0001924d   Thumb Code   122  ble_advdata.o(.text)
    ble_srv_report_ref_encode                0x000192dd   Thumb Code    60  ble_srv_common.o(.text)
    ble_srv_ascii_to_utf8                    0x00019319   Thumb Code    18  ble_srv_common.o(.text)
    RTC1_IRQHandler                          0x00019b3b   Thumb Code    34  app_timer.o(.text)
    SWI0_IRQHandler                          0x00019b5d   Thumb Code     8  app_timer.o(.text)
    app_timer_init                           0x00019b65   Thumb Code   250  app_timer.o(.text)
    app_timer_create                         0x00019c5f   Thumb Code   108  app_timer.o(.text)
    app_timer_start                          0x00019ced   Thumb Code    98  app_timer.o(.text)
    app_timer_stop                           0x00019d4f   Thumb Code    60  app_timer.o(.text)
    app_timer_stop_all                       0x00019d8b   Thumb Code    26  app_timer.o(.text)
    app_timer_cnt_get                        0x00019da5   Thumb Code    14  app_timer.o(.text)
    app_timer_cnt_diff_compute               0x00019db3   Thumb Code    22  app_timer.o(.text)
    softdevice_assertion_handler             0x00019e89   Thumb Code    18  softdevice_handler.o(.text)
    intern_softdevice_events_execute         0x00019e9b   Thumb Code   168  softdevice_handler.o(.text)
    softdevice_handler_init                  0x00019f43   Thumb Code    84  softdevice_handler.o(.text)
    softdevice_handler_sd_disable            0x00019f97   Thumb Code    24  softdevice_handler.o(.text)
    softdevice_ble_evt_handler_set           0x00019faf   Thumb Code    18  softdevice_handler.o(.text)
    softdevice_sys_evt_handler_set           0x00019fc1   Thumb Code    18  softdevice_handler.o(.text)
    SWI2_IRQHandler                          0x00019fd3   Thumb Code    52  softdevice_handler.o(.text)
    simple_uart_get                          0x0001a05d   Thumb Code    24  simple_uart.o(.text)
    simple_uart_get_with_timeout             0x0001a075   Thumb Code    62  simple_uart.o(.text)
    simple_uart_put                          0x0001a0b3   Thumb Code    22  simple_uart.o(.text)
    simple_uart_putstring                    0x0001a0c9   Thumb Code    32  simple_uart.o(.text)
    simple_uart_config                       0x0001a0e9   Thumb Code    90  simple_uart.o(.text)
    dm_handle_initialize                     0x0001a43b   Thumb Code    26  device_manager_peripheral.o(.text)
    dm_init                                  0x0001a64f   Thumb Code   222  device_manager_peripheral.o(.text)
    dm_register                              0x0001a72d   Thumb Code    98  device_manager_peripheral.o(.text)
    dm_security_setup_req                    0x0001a78f   Thumb Code   140  device_manager_peripheral.o(.text)
    dm_security_status_req                   0x0001a81b   Thumb Code   158  device_manager_peripheral.o(.text)
    dm_whitelist_create                      0x0001a8b9   Thumb Code   194  device_manager_peripheral.o(.text)
    dm_device_add                            0x0001a97b   Thumb Code     8  device_manager_peripheral.o(.text)
    dm_device_delete                         0x0001a983   Thumb Code   142  device_manager_peripheral.o(.text)
    dm_device_delete_all                     0x0001aa11   Thumb Code    98  device_manager_peripheral.o(.text)
    dm_service_context_set                   0x0001aa73   Thumb Code   210  device_manager_peripheral.o(.text)
    dm_service_context_get                   0x0001ab45   Thumb Code   204  device_manager_peripheral.o(.text)
    dm_service_context_delete                0x0001ac11   Thumb Code    96  device_manager_peripheral.o(.text)
    dm_application_context_set               0x0001ac71   Thumb Code     8  device_manager_peripheral.o(.text)
    dm_application_context_get               0x0001ac79   Thumb Code     8  device_manager_peripheral.o(.text)
    dm_application_context_delete            0x0001ac81   Thumb Code     8  device_manager_peripheral.o(.text)
    dm_application_instance_set              0x0001ac89   Thumb Code    74  device_manager_peripheral.o(.text)
    dm_peer_addr_set                         0x0001ad7f   Thumb Code   228  device_manager_peripheral.o(.text)
    dm_peer_addr_get                         0x0001ae63   Thumb Code   176  device_manager_peripheral.o(.text)
    bond_data_load                           0x0001af13   Thumb Code    62  device_manager_peripheral.o(.text)
    dm_ble_evt_handler                       0x0001af51   Thumb Code  1322  device_manager_peripheral.o(.text)
    pstorage_sys_event_handler               0x0001bacf   Thumb Code   326  pstorage.o(.text)
    pstorage_init                            0x0001bc15   Thumb Code   196  pstorage.o(.text)
    pstorage_register                        0x0001bcd9   Thumb Code   396  pstorage.o(.text)
    pstorage_block_identifier_get            0x0001be65   Thumb Code   136  pstorage.o(.text)
    pstorage_store                           0x0001beed   Thumb Code   202  pstorage.o(.text)
    pstorage_update                          0x0001bfb7   Thumb Code   202  pstorage.o(.text)
    pstorage_load                            0x0001c081   Thumb Code   226  pstorage.o(.text)
    pstorage_clear                           0x0001c163   Thumb Code   184  pstorage.o(.text)
    pstorage_access_status_get               0x0001c21b   Thumb Code    36  pstorage.o(.text)
    app_button_init                          0x0001c373   Thumb Code   132  app_button.o(.text)
    app_button_enable                        0x0001c3f7   Thumb Code    24  app_button.o(.text)
    app_button_disable                       0x0001c40f   Thumb Code    42  app_button.o(.text)
    app_button_is_pushed                     0x0001c439   Thumb Code   124  app_button.o(.text)
    GPIOTE_IRQHandler                        0x0001c589   Thumb Code   158  app_gpiote.o(.text)
    app_gpiote_init                          0x0001c689   Thumb Code   116  app_gpiote.o(.text)
    app_gpiote_user_register                 0x0001c6fd   Thumb Code   138  app_gpiote.o(.text)
    app_gpiote_user_enable                   0x0001c787   Thumb Code   226  app_gpiote.o(.text)
    app_gpiote_user_disable                  0x0001c869   Thumb Code    66  app_gpiote.o(.text)
    app_gpiote_pins_state_get                0x0001c8ab   Thumb Code    52  app_gpiote.o(.text)
    __aeabi_uldivmod                         0x0001c975   Thumb Code   258  lludiv.o(.text)
    _ll_udiv                                 0x0001c975   Thumb Code     0  lludiv.o(.text)
    memcmp                                   0x0001ca77   Thumb Code    90  memcmp.o(.text)
    strlen                                   0x0001cad1   Thumb Code    62  strlen.o(.text)
    __aeabi_memcpy                           0x0001cb15   Thumb Code   130  rt_memcpy.o(.text)
    __rt_memcpy                              0x0001cb15   Thumb Code     0  rt_memcpy.o(.text)
    _memset_w                                0x0001cb97   Thumb Code    26  rt_memclr.o(.text)
    _memset                                  0x0001cbb1   Thumb Code    30  rt_memclr.o(.text)
    __aeabi_memclr                           0x0001cbcf   Thumb Code     4  rt_memclr.o(.text)
    __rt_memclr                              0x0001cbcf   Thumb Code     0  rt_memclr.o(.text)
    __aeabi_memclr4                          0x0001cbd3   Thumb Code     0  rt_memclr.o(.text)
    __aeabi_memclr8                          0x0001cbd3   Thumb Code     0  rt_memclr.o(.text)
    __rt_memclr_w                            0x0001cbd3   Thumb Code     4  rt_memclr.o(.text)
    __aeabi_uidiv                            0x0001cbd7   Thumb Code     0  aeabi_sdiv.o(.text)
    __aeabi_uidivmod                         0x0001cbd7   Thumb Code    20  aeabi_sdiv.o(.text)
    __aeabi_idiv                             0x0001cbeb   Thumb Code     0  aeabi_sdiv.o(.text)
    __aeabi_idivmod                          0x0001cbeb   Thumb Code   326  aeabi_sdiv.o(.text)
    __use_two_region_memory                  0x0001cd31   Thumb Code     2  heapauxi.o(.text)
    __rt_heap_escrow$2region                 0x0001cd33   Thumb Code     2  heapauxi.o(.text)
    __rt_heap_expand$2region                 0x0001cd35   Thumb Code     2  heapauxi.o(.text)
    __user_setup_stackheap                   0x0001cd37   Thumb Code    62  sys_stackheap_outer.o(.text)
    exit                                     0x0001cd75   Thumb Code    12  exit.o(.text)
    __user_libspace                          0x0001cd81   Thumb Code     8  libspace.o(.text)
    __user_perproc_libspace                  0x0001cd81   Thumb Code     0  libspace.o(.text)
    __user_perthread_libspace                0x0001cd81   Thumb Code     0  libspace.o(.text)
    _sys_exit                                0x0001cd89   Thumb Code     8  sys_exit.o(.text)
    __I$use$semihosting                      0x0001cd95   Thumb Code     0  use_no_semi.o(.text)
    __use_no_semihosting_swi                 0x0001cd95   Thumb Code     2  use_no_semi.o(.text)
    __decompress                             0x0001cd97   Thumb Code     0  __dczerorl2.o(.text)
    __decompress1                            0x0001cd97   Thumb Code    86  __dczerorl2.o(.text)
    __semihosting_library_function           0x0001cd97   Thumb Code     0  indicate_semi.o(.text)
    __ARM_common_switch8                     0x0001cded   Thumb Code    28  pstorage.o(i.__ARM_common_switch8)
    m_service_context_store                  0x0001ce14   Data          16  device_manager_peripheral.o(.constdata)
    m_service_context_load                   0x0001ce24   Data          16  device_manager_peripheral.o(.constdata)
    m_service_context_apply                  0x0001ce34   Data          16  device_manager_peripheral.o(.constdata)
    m_context_init_len                       0x0001ce44   Data           4  device_manager_peripheral.o(.constdata)
    Region$$Table$$Base                      0x0001ce90   Number         0  anon$$obj.o(Region$$Table)
    Region$$Table$$Limit                     0x0001ceb0   Number         0  anon$$obj.o(Region$$Table)
    SystemCoreClock                          0x20002000   Data           4  system_nrf51.o(.data)
    lock_wait_timer_id                       0x20002014   Data           4  bsp_btn_smart_locker.o(.data)
    sys_run_led_timer_id                     0x20002018   Data           4  bsp_btn_smart_locker.o(.data)
    uv_lamp_control_cmd                      0x2000201c   Data           1  bsp_btn_smart_locker.o(.data)
    elec_lock_control_cmd                    0x2000201d   Data           1  bsp_btn_smart_locker.o(.data)
    uv_lamp_cmd                              0x20002096   Data           1  ble_sls.o(.data)
    fan_negative_ion_cmd                     0x20002097   Data           1  ble_sls.o(.data)
    elec_lock_cmd                            0x20002098   Data           1  ble_sls.o(.data)
    uv_lamp_status                           0x20002099   Data           1  ble_sls.o(.data)
    uv_lamp_door_status                      0x2000209a   Data           1  ble_sls.o(.data)
    fan_negative_ion_status                  0x2000209b   Data           1  ble_sls.o(.data)
    elec_lock_status                         0x2000209c   Data           1  ble_sls.o(.data)
    bas                                      0x2000215c   Data          24  main.o(.bss)
    __libspace_start                         0x2000276c   Data          96  libspace.o(.bss)
    __temporary_stack_top$libspace           0x200027cc   Data           0  libspace.o(.bss)



==============================================================================

Memory Map of the image

  Image Entry point : 0x000160c1

  Load Region LR_IROM1 (Base: 0x00016000, Size: 0x00006ff8, Max: 0x00029000, ABSOLUTE, COMPRESSED[0x00006ecc])

    Execution Region ER_IROM1 (Base: 0x00016000, Size: 0x00006eb0, Max: 0x00029000, ABSOLUTE)

    Base Addr    Size         Type   Attr      Idx    E Section Name        Object

    0x00016000   0x000000c0   Data   RO            3    RESET               arm_startup_nrf51.o
    0x000160c0   0x00000008   Code   RO          926  * !!!main             c_p.l(__main.o)
    0x000160c8   0x0000003c   Code   RO         1100    !!!scatter          c_p.l(__scatter.o)
    0x00016104   0x0000001c   Code   RO         1102    !!handler_zi        c_p.l(__scatter_zi.o)
    0x00016120   0x00000002   Code   RO          968    .ARM.Collect$$libinit$$00000000  c_p.l(libinit.o)
    0x00016122   0x00000000   Code   RO          982    .ARM.Collect$$libinit$$00000002  c_p.l(libinit2.o)
    0x00016122   0x00000000   Code   RO          984    .ARM.Collect$$libinit$$00000004  c_p.l(libinit2.o)
    0x00016122   0x00000000   Code   RO          987    .ARM.Collect$$libinit$$0000000A  c_p.l(libinit2.o)
    0x00016122   0x00000000   Code   RO          989    .ARM.Collect$$libinit$$0000000C  c_p.l(libinit2.o)
    0x00016122   0x00000000   Code   RO          991    .ARM.Collect$$libinit$$0000000E  c_p.l(libinit2.o)
    0x00016122   0x00000000   Code   RO          994    .ARM.Collect$$libinit$$00000011  c_p.l(libinit2.o)
    0x00016122   0x00000000   Code   RO          996    .ARM.Collect$$libinit$$00000013  c_p.l(libinit2.o)
    0x00016122   0x00000000   Code   RO          998    .ARM.Collect$$libinit$$00000015  c_p.l(libinit2.o)
    0x00016122   0x00000000   Code   RO         1000    .ARM.Collect$$libinit$$00000017  c_p.l(libinit2.o)
    0x00016122   0x00000000   Code   RO         1002    .ARM.Collect$$libinit$$00000019  c_p.l(libinit2.o)
    0x00016122   0x00000000   Code   RO         1004    .ARM.Collect$$libinit$$0000001B  c_p.l(libinit2.o)
    0x00016122   0x00000000   Code   RO         1006    .ARM.Collect$$libinit$$0000001D  c_p.l(libinit2.o)
    0x00016122   0x00000000   Code   RO         1008    .ARM.Collect$$libinit$$0000001F  c_p.l(libinit2.o)
    0x00016122   0x00000000   Code   RO         1010    .ARM.Collect$$libinit$$00000021  c_p.l(libinit2.o)
    0x00016122   0x00000000   Code   RO         1012    .ARM.Collect$$libinit$$00000023  c_p.l(libinit2.o)
    0x00016122   0x00000000   Code   RO         1014    .ARM.Collect$$libinit$$00000025  c_p.l(libinit2.o)
    0x00016122   0x00000000   Code   RO         1018    .ARM.Collect$$libinit$$0000002C  c_p.l(libinit2.o)
    0x00016122   0x00000000   Code   RO         1020    .ARM.Collect$$libinit$$0000002E  c_p.l(libinit2.o)
    0x00016122   0x00000000   Code   RO         1022    .ARM.Collect$$libinit$$00000030  c_p.l(libinit2.o)
    0x00016122   0x00000000   Code   RO         1024    .ARM.Collect$$libinit$$00000032  c_p.l(libinit2.o)
    0x00016122   0x00000002   Code   RO         1025    .ARM.Collect$$libinit$$00000033  c_p.l(libinit2.o)
    0x00016124   0x00000002   Code   RO         1056    .ARM.Collect$$libshutdown$$00000000  c_p.l(libshutdown.o)
    0x00016126   0x00000000   Code   RO         1083    .ARM.Collect$$libshutdown$$00000003  c_p.l(libshutdown2.o)
    0x00016126   0x00000000   Code   RO         1086    .ARM.Collect$$libshutdown$$00000006  c_p.l(libshutdown2.o)
    0x00016126   0x00000000   Code   RO         1089    .ARM.Collect$$libshutdown$$00000009  c_p.l(libshutdown2.o)
    0x00016126   0x00000000   Code   RO         1091    .ARM.Collect$$libshutdown$$0000000B  c_p.l(libshutdown2.o)
    0x00016126   0x00000000   Code   RO         1094    .ARM.Collect$$libshutdown$$0000000E  c_p.l(libshutdown2.o)
    0x00016126   0x00000002   Code   RO         1095    .ARM.Collect$$libshutdown$$0000000F  c_p.l(libshutdown2.o)
    0x00016128   0x00000000   Code   RO          928    .ARM.Collect$$rtentry$$00000000  c_p.l(__rtentry.o)
    0x00016128   0x00000000   Code   RO          938    .ARM.Collect$$rtentry$$00000002  c_p.l(__rtentry2.o)
    0x00016128   0x00000006   Code   RO          950    .ARM.Collect$$rtentry$$00000004  c_p.l(__rtentry4.o)
    0x0001612e   0x00000000   Code   RO          940    .ARM.Collect$$rtentry$$00000009  c_p.l(__rtentry2.o)
    0x0001612e   0x00000004   Code   RO          941    .ARM.Collect$$rtentry$$0000000A  c_p.l(__rtentry2.o)
    0x00016132   0x00000000   Code   RO          943    .ARM.Collect$$rtentry$$0000000C  c_p.l(__rtentry2.o)
    0x00016132   0x00000008   Code   RO          944    .ARM.Collect$$rtentry$$0000000D  c_p.l(__rtentry2.o)
    0x0001613a   0x00000002   Code   RO          973    .ARM.Collect$$rtexit$$00000000  c_p.l(rtexit.o)
    0x0001613c   0x00000000   Code   RO         1029    .ARM.Collect$$rtexit$$00000002  c_p.l(rtexit2.o)
    0x0001613c   0x00000004   Code   RO         1030    .ARM.Collect$$rtexit$$00000003  c_p.l(rtexit2.o)
    0x00016140   0x00000006   Code   RO         1031    .ARM.Collect$$rtexit$$00000004  c_p.l(rtexit2.o)
    0x00016146   0x00000002   PAD
    0x00016148   0x0000001e   Code   RO          509    .emb_text           app_timer.o
    0x00016166   0x00000002   PAD
    0x00016168   0x0000001e   Code   RO          675    .emb_text           simple_uart.o
    0x00016186   0x00000002   PAD
    0x00016188   0x00000038   Code   RO          912    .emb_text           c_p.l(rt_memcpy.o)
    0x000161c0   0x00000054   Code   RO            4    .text               arm_startup_nrf51.o
    0x00016214   0x00000164   Code   RO           12    .text               system_nrf51.o
    0x00016378   0x00000af0   Code   RO           69    .text               main.o
    0x00016e68   0x000001c0   Code   RO          253    .text               battery.o
    0x00017028   0x00000814   Code   RO          286    .text               bsp_btn_smart_locker.o
    0x0001783c   0x00000418   Code   RO          327    .text               ble_dis.o
    0x00017c54   0x00000320   Code   RO          389    .text               ble_bas.o
    0x00017f74   0x00000a60   Code   RO          428    .text               ble_sls.o
    0x000189d4   0x00000308   Code   RO          443    .text               ble_conn_params.o
    0x00018cdc   0x00000600   Code   RO          474    .text               ble_advdata.o
    0x000192dc   0x00000088   Code   RO          492    .text               ble_srv_common.o
    0x00019364   0x00000b24   Code   RO          510    .text               app_timer.o
    0x00019e88   0x000001d4   Code   RO          563    .text               softdevice_handler.o
    0x0001a05c   0x0000011c   Code   RO          676    .text               simple_uart.o
    0x0001a178   0x00001428   Code   RO          700    .text               device_manager_peripheral.o
    0x0001b5a0   0x00000cbc   Code   RO          738    .text               pstorage.o
    0x0001c25c   0x000002ac   Code   RO          784    .text               app_button.o
    0x0001c508   0x0000046c   Code   RO          812    .text               app_gpiote.o
    0x0001c974   0x00000102   Code   RO          906    .text               c_p.l(lludiv.o)
    0x0001ca76   0x0000005a   Code   RO          908    .text               c_p.l(memcmp.o)
    0x0001cad0   0x00000044   Code   RO          910    .text               c_p.l(strlen.o)
    0x0001cb14   0x00000082   Code   RO          913    .text               c_p.l(rt_memcpy.o)
    0x0001cb96   0x00000040   Code   RO          916    .text               c_p.l(rt_memclr.o)
    0x0001cbd6   0x0000015a   Code   RO          920    .text               c_p.l(aeabi_sdiv.o)
    0x0001cd30   0x00000006   Code   RO          924    .text               c_p.l(heapauxi.o)
    0x0001cd36   0x0000003e   Code   RO          954    .text               c_p.l(sys_stackheap_outer.o)
    0x0001cd74   0x0000000c   Code   RO          957    .text               c_p.l(exit.o)
    0x0001cd80   0x00000008   Code   RO          969    .text               c_p.l(libspace.o)
    0x0001cd88   0x0000000c   Code   RO         1026    .text               c_p.l(sys_exit.o)
    0x0001cd94   0x00000002   Code   RO         1045    .text               c_p.l(use_no_semi.o)
    0x0001cd96   0x00000000   Code   RO         1047    .text               c_p.l(indicate_semi.o)
    0x0001cd96   0x00000056   Code   RO         1098    .text               c_p.l(__dczerorl2.o)
    0x0001cdec   0x0000001c   Code   RO          756    i.__ARM_common_switch8  pstorage.o
    0x0001ce08   0x0000000c   Data   RO           71    .constdata          main.o
    0x0001ce14   0x00000034   Data   RO          702    .constdata          device_manager_peripheral.o
    0x0001ce48   0x00000045   Data   RO          703    .conststring        device_manager_peripheral.o
    0x0001ce8d   0x00000003   PAD
    0x0001ce90   0x00000020   Data   RO         1096    Region$$Table       anon$$obj.o


    Execution Region RW_IRAM1 (Base: 0x20002000, Size: 0x000017d0, Max: 0x00002000, ABSOLUTE, COMPRESSED[0x0000001c])

    Base Addr    Size         Type   Attr      Idx    E Section Name        Object

    0x20002000   0x00000004   Data   RW           13    .data               system_nrf51.o
    0x20002004   0x0000000e   Data   RW           72    .data               main.o
    0x20002012   0x00000002   PAD
    0x20002014   0x00000038   Data   RW          287    .data               bsp_btn_smart_locker.o
    0x2000204c   0x0000004a   Data   RW          328    .data               ble_dis.o
    0x20002096   0x00000007   Data   RW          429    .data               ble_sls.o
    0x2000209d   0x00000003   PAD
    0x200020a0   0x00000019   Data   RW          445    .data               ble_conn_params.o
    0x200020b9   0x00000003   PAD
    0x200020bc   0x00000029   Data   RW          511    .data               app_timer.o
    0x200020e5   0x00000003   PAD
    0x200020e8   0x00000014   Data   RW          564    .data               softdevice_handler.o
    0x200020fc   0x00000014   Data   RW          704    .data               device_manager_peripheral.o
    0x20002110   0x0000000c   Data   RW          740    .data               pstorage.o
    0x2000211c   0x00000020   Data   RW          785    .data               app_button.o
    0x2000213c   0x0000000c   Data   RW          813    .data               app_gpiote.o
    0x20002148   0x00000420   Zero   RW           70    .bss                main.o
    0x20002568   0x0000001c   Zero   RW          444    .bss                ble_conn_params.o
    0x20002584   0x0000010c   Zero   RW          701    .bss                device_manager_peripheral.o
    0x20002690   0x000000dc   Zero   RW          739    .bss                pstorage.o
    0x2000276c   0x00000060   Zero   RW          970    .bss                c_p.l(libspace.o)
    0x200027cc   0x00000004   PAD
    0x200027d0   0x00000800   Zero   RW            2    HEAP                arm_startup_nrf51.o
    0x20002fd0   0x00000800   Zero   RW            1    STACK               arm_startup_nrf51.o


==============================================================================

Image component sizes


      Code (inc. data)   RO Data    RW Data    ZI Data      Debug   Object Name

       684         84          0         32          0       7956   app_button.o
      1132         40          0         12          0      11914   app_gpiote.o
      2882        202          0         41          0      25293   app_timer.o
         0          0          0          0          0       1008   app_trace.o
        84         36        192          0       4096        816   arm_startup_nrf51.o
       448         60          0          0          0       3735   battery.o
      1536          4          0          0          0       8710   ble_advdata.o
       800         16          0          0          0      35015   ble_bas.o
       776         38          0         25         28       7710   ble_conn_params.o
      1048        100          0         74          0      33551   ble_dis.o
      2656        156          0          7          0       7043   ble_sls.o
       136         58          0          0          0       1690   ble_srv_common.o
      2068        602          0         56          0      14182   bsp_btn_smart_locker.o
      5160        228        121         20        268      24864   device_manager_peripheral.o
      2800        734         12         14       1056      79952   main.o
      3288         94          0         12        220      12550   pstorage.o
       314         16          0          0          0       5144   simple_uart.o
       468         86          0         20          0      36592   softdevice_handler.o
       356         38          0          4          0      22025   system_nrf51.o

    ----------------------------------------------------------------------
     26640       2592        360        328       5668     339750   Object Totals
         0          0         32          0          0          0   (incl. Generated)
         4          0          3         11          0          0   (incl. Padding)

    ----------------------------------------------------------------------

      Code (inc. data)   RO Data    RW Data    ZI Data      Debug   Library Member Name

        86          0          0          0          0          0   __dczerorl2.o
         8          0          0          0          0         68   __main.o
         0          0          0          0          0          0   __rtentry.o
        12          0          0          0          0          0   __rtentry2.o
         6          0          0          0          0          0   __rtentry4.o
        60          8          0          0          0          0   __scatter.o
        28          0          0          0          0          0   __scatter_zi.o
       346          0          0          0          0         92   aeabi_sdiv.o
        12          0          0          0          0         64   exit.o
         6          0          0          0          0        136   heapauxi.o
         0          0          0          0          0          0   indicate_semi.o
         2          0          0          0          0          0   libinit.o
         2          0          0          0          0          0   libinit2.o
         2          0          0          0          0          0   libshutdown.o
         2          0          0          0          0          0   libshutdown2.o
         8          4          0          0         96         68   libspace.o
       258          0          0          0          0         88   lludiv.o
        90          0          0          0          0         68   memcmp.o
        64          0          0          0          0        108   rt_memclr.o
       186          0          0          0          0        144   rt_memcpy.o
         2          0          0          0          0          0   rtexit.o
        10          0          0          0          0          0   rtexit2.o
        68          6          0          0          0         72   strlen.o
        12          4          0          0          0         60   sys_exit.o
        62          0          0          0          0         80   sys_stackheap_outer.o
         2          0          0          0          0         68   use_no_semi.o

    ----------------------------------------------------------------------
      1336         22          0          0        100       1116   Library Totals
         2          0          0          0          4          0   (incl. Padding)

    ----------------------------------------------------------------------

      Code (inc. data)   RO Data    RW Data    ZI Data      Debug   Library Name

      1334         22          0          0         96       1116   c_p.l

    ----------------------------------------------------------------------
      1336         22          0          0        100       1116   Library Totals

    ----------------------------------------------------------------------

==============================================================================


      Code (inc. data)   RO Data    RW Data    ZI Data      Debug   

     27976       2614        360        328       5768     339294   Grand Totals
     27976       2614        360         28       5768     339294   ELF Image Totals (compressed)
     27976       2614        360         28          0          0   ROM Totals

==============================================================================

    Total RO  Size (Code + RO Data)                28336 (  27.67kB)
    Total RW  Size (RW Data + ZI Data)              6096 (   5.95kB)
    Total ROM Size (Code + RO Data + RW Data)      28364 (  27.70kB)

==============================================================================

